Archive member included because of file (symbol)

C:/Freescale/CW MCU v10.6/MCU/ARM_GCC_Support/ewl/lib/armv7e-m\libc.a(snprintf.o)
                              ./Sources/SDcard.o (snprintf)
C:/Freescale/CW MCU v10.6/MCU/ARM_GCC_Support/ewl/lib/armv7e-m\libc.a(sprintf.o)
                              ./Sources/SDcard.o (sprintf)
C:/Freescale/CW MCU v10.6/MCU/ARM_GCC_Support/ewl/lib/armv7e-m\libc.a(vsnprintf.o)
                              C:/Freescale/CW MCU v10.6/MCU/ARM_GCC_Support/ewl/lib/armv7e-m\libc.a(snprintf.o) (vsnprintf)
C:/Freescale/CW MCU v10.6/MCU/ARM_GCC_Support/ewl/lib/armv7e-m\libc.a(exit.o)
                              ./Project_Settings/Startup_Code/__arm_start.o (exit)
C:/Freescale/CW MCU v10.6/MCU/ARM_GCC_Support/ewl/lib/armv7e-m\libc.a(memcpy.o)
                              C:/Freescale/CW MCU v10.6/MCU/ARM_GCC_Support/ewl/lib/armv7e-m\libc.a(vsnprintf.o) (memcpy)
C:/Freescale/CW MCU v10.6/MCU/ARM_GCC_Support/ewl/lib/armv7e-m\libc.a(memset.o)
                              ./Project_Settings/Startup_Code/__arm_start.o (memset)
C:/Freescale/CW MCU v10.6/MCU/ARM_GCC_Support/ewl/lib/armv7e-m\libc.a(strlen.o)
                              ./Sources/processor_specific_functions/K40/uart.o (strlen)
C:/Freescale/CW MCU v10.6/MCU/ARM_GCC_Support/ewl/lib/armv7e-m\libc.a(printformat_.o)
                              (__pformatter_)
C:/Freescale/CW MCU v10.6/MCU/ARM_GCC_Support/ewl/lib/armv7e-m\libc.a(scanformat_.o)
                              (__sformatter)
C:/Freescale/CW MCU v10.6/MCU/ARM_GCC_Support/ewl/lib/armv7e-m\libc.a(ctype_aeabi.o)
                              C:/Freescale/CW MCU v10.6/MCU/ARM_GCC_Support/ewl/lib/armv7e-m\libc.a(scanformat_.o) (isspace)
C:/Freescale/CW MCU v10.6/MCU/ARM_GCC_Support/ewl/lib/armv7e-m\libc.a(__strtoul.o)
                              C:/Freescale/CW MCU v10.6/MCU/ARM_GCC_Support/ewl/lib/armv7e-m\libc.a(scanformat_.o) (__strtoul)
C:/Freescale/CW MCU v10.6/MCU/ARM_GCC_Support/ewl/lib/armv7e-m\libc.a(__filll_mem.o)
                              C:/Freescale/CW MCU v10.6/MCU/ARM_GCC_Support/ewl/lib/armv7e-m\libc.a(memset.o) (__fill_mem)
C:/Freescale/CW MCU v10.6/MCU/ARM_GCC_Support/ewl/lib/armv7e-m\libc.a(memchr.o)
                              C:/Freescale/CW MCU v10.6/MCU/ARM_GCC_Support/ewl/lib/armv7e-m\libc.a(printformat_.o) (memchr)
C:/Freescale/CW MCU v10.6/MCU/ARM_GCC_Support/ewl/lib/armv7e-m\libc.a(strchr.o)
                              C:/Freescale/CW MCU v10.6/MCU/ARM_GCC_Support/ewl/lib/armv7e-m\libc.a(printformat_.o) (strchr)
C:/Freescale/CW MCU v10.6/MCU/ARM_GCC_Support/ewl/lib/armv7e-m\libm.a(s_atan.o)
                              ./Sources/MPU6050.o (atan)
C:/Freescale/CW MCU v10.6/MCU/ARM_GCC_Support/ewl/lib/armv7e-m\libm.a(w_pow.o)
                              ./Sources/MPU6050.o (pow)
C:/Freescale/CW MCU v10.6/MCU/ARM_GCC_Support/ewl/lib/armv7e-m\libm.a(w_sqrt.o)
                              ./Sources/MPU6050.o (sqrt)
C:/Freescale/CW MCU v10.6/MCU/ARM_GCC_Support/ewl/lib/armv7e-m\libm.a(e_pow.o)
                              C:/Freescale/CW MCU v10.6/MCU/ARM_GCC_Support/ewl/lib/armv7e-m\libm.a(w_pow.o) (__ieee754_pow)
C:/Freescale/CW MCU v10.6/MCU/ARM_GCC_Support/ewl/lib/armv7e-m\libm.a(e_sqrt.o)
                              C:/Freescale/CW MCU v10.6/MCU/ARM_GCC_Support/ewl/lib/armv7e-m\libm.a(w_sqrt.o) (__ieee754_sqrt)
C:/Freescale/CW MCU v10.6/MCU/ARM_GCC_Support/ewl/lib/armv7e-m\libm.a(float.o)
                              C:/Freescale/CW MCU v10.6/MCU/ARM_GCC_Support/ewl/lib/armv7e-m\libm.a(e_pow.o) (__double_nan)
C:/Freescale/CW MCU v10.6/MCU/ARM_GCC_Support/ewl/lib/armv7e-m\libm.a(math_api.o)
                              C:/Freescale/CW MCU v10.6/MCU/ARM_GCC_Support/ewl/lib/armv7e-m\libm.a(e_pow.o) (__fpclassifyd)
C:/Freescale/CW MCU v10.6/MCU/ARM_GCC_Support/ewl/lib/armv7e-m\libm.a(scalbn.o)
                              C:/Freescale/CW MCU v10.6/MCU/ARM_GCC_Support/ewl/lib/armv7e-m\libm.a(e_pow.o) (scalbn)
C:/Freescale/CW MCU v10.6/MCU/ARM_GCC_Support/ewl/lib/armv7e-m\libm.a(s_frexp.o)
                              C:/Freescale/CW MCU v10.6/MCU/ARM_GCC_Support/ewl/lib/armv7e-m\libm.a(scalbn.o) (frexp)
C:/Freescale/CW MCU v10.6/MCU/ARM_GCC_Support/ewl/lib/armv7e-m\libm.a(s_ldexp.o)
                              C:/Freescale/CW MCU v10.6/MCU/ARM_GCC_Support/ewl/lib/armv7e-m\libm.a(scalbn.o) (ldexp)
c:/freescale/cw mcu v10.6/cross_tools/arm-none-eabi-gcc-4_7_3/bin/../lib/gcc/arm-none-eabi/4.7.3/armv7e-m\libgcc.a(_arm_addsubdf3.o)
                              ./Sources/MPU6050.o (__aeabi_dsub)
c:/freescale/cw mcu v10.6/cross_tools/arm-none-eabi-gcc-4_7_3/bin/../lib/gcc/arm-none-eabi/4.7.3/armv7e-m\libgcc.a(_arm_muldivdf3.o)
                              ./Sources/Motor.o (__aeabi_dmul)
c:/freescale/cw mcu v10.6/cross_tools/arm-none-eabi-gcc-4_7_3/bin/../lib/gcc/arm-none-eabi/4.7.3/armv7e-m\libgcc.a(_arm_cmpdf2.o)
[...]
Memory Configuration

Name             Origin             Length             Attributes
m_interrupts     0x1fff8000         0x000001e0         xr
m_text           0x1fff81e0         0x00007e20         xr
m_data           0x20000000         0x00008000         rw
*default*        0x00000000         0xffffffff

Linker script and memory map

LOAD ./Project_Settings/Startup_Code/kinetis_sysinit.o
LOAD ./Project_Settings/Startup_Code/__arm_start.o
LOAD ./Project_Settings/Startup_Code/__arm_end.o
LOAD ./Sources/ff10b/src/ff.o
LOAD ./Sources/ff10b/src/diskio.o
LOAD ./Sources/ff10b/src/option/unicode.o
LOAD ./Sources/processor_specific_functions/K40/sys/systick.o
LOAD ./Sources/processor_specific_functions/K40/sys/sa_mtb.o
LOAD ./Sources/processor_specific_functions/K40/sys/clock.o
LOAD ./Sources/processor_specific_functions/K40/sys/arm_cm4.o
LOAD ./Sources/processor_specific_functions/K40/uart.o
LOAD ./Sources/processor_specific_functions/K40/misc.o
LOAD ./Sources/processor_specific_functions/K40/i2c.o
LOAD ./Sources/processor_specific_functions/K40/SPI.o
LOAD ./Sources/processor_specific_functions/K40/PWM.o
LOAD ./Sources/processor_specific_functions/K40/ADC.o
LOAD ./Sources/sa_mtb.o
LOAD ./Sources/main.o
LOAD ./Sources/init.o
LOAD ./Sources/SDcard.o
LOAD ./Sources/Motor.o
LOAD ./Sources/MPU6050.o
LOAD ./Sources/Interrupts.o
LOAD ./Sources/BMP180.o
                0x1fffeb2c                __pformatter = __pformatter_
                [0x1fffef24]                __sformatter = __sformatter
START GROUP
LOAD C:/Freescale/CW MCU v10.6/MCU/ARM_GCC_Support/ewl/lib/armv7e-m\libc.a
LOAD C:/Freescale/CW MCU v10.6/MCU/ARM_GCC_Support/ewl/lib/armv7e-m\libm.a
LOAD c:/freescale/cw mcu v10.6/cross_tools/arm-none-eabi-gcc-4_7_3/bin/../lib/gcc/arm-none-eabi/4.7.3/armv7e-m\libgcc.a
LOAD C:/Freescale/CW MCU v10.6/MCU/ARM_GCC_Support/ewl/lib/armv7e-m\librt.a
LOAD C:/Freescale/CW MCU v10.6/MCU/ARM_GCC_Support/ewl/lib/armv7e-m\libuart.a
END GROUP
                0x20008000                _estack = 0x20008000
                0x20008000                __SP_INIT = _estack
                0x00000800                __heap_size = 0x800
                0x00000800                __stack_size = 0x800

.interrupts     0x1fff8000      0x1e0
                0x1fff8000                __vector_table = .
                0x1fff8000                . = ALIGN (0x4)
 *(.vectortable)
 .vectortable   0x1fff8000      0x1e0 ./Project_Settings/Startup_Code/kinetis_sysinit.o
                0x1fff8000                InterruptVector
                0x1fff81e0                . = ALIGN (0x4)

.text           0x1fff81e0     0x8ca8
                0x1fff81e0                . = ALIGN (0x4)
 *(.text)
 .text          0x1fff81e0      0x370 c:/freescale/cw mcu v10.6/cross_tools/arm-none-eabi-gcc-4_7_3/bin/../lib/gcc/arm-none-eabi/4.7.3/armv7e-m\libgcc.a(_arm_addsubdf3.o)
                0x1fff81e0                __aeabi_drsub
                0x1fff81e8                __aeabi_dsub
                0x1fff81e8                __subdf3
                0x1fff81ec                __aeabi_dadd
                0x1fff81ec                __adddf3
                0x1fff8464                __floatunsidf
                0x1fff8464                __aeabi_ui2d
                0x1fff8484                __floatsidf
                0x1fff8484                __aeabi_i2d
                0x1fff84a8                __aeabi_f2d
                0x1fff84a8                __extendsfdf2
                0x1fff84e4                __floatundidf
                0x1fff84e4                __aeabi_ul2d
                0x1fff84f4                __floatdidf
                0x1fff84f4                __aeabi_l2d
 .text          0x1fff8550      0x424 c:/freescale/cw mcu v10.6/cross_tools/arm-none-eabi-gcc-4_7_3/bin/../lib/gcc/arm-none-eabi/4.7.3/armv7e-m\libgcc.a(_arm_muldivdf3.o)
                0x1fff8550                __aeabi_dmul
                0x1fff8550                __muldf3
                0x1fff87a4                __divdf3
                0x1fff87a4                __aeabi_ddiv
 .text          0x1fff8974      0x110 c:/freescale/cw mcu v10.6/cross_tools/arm-none-eabi-gcc-4_7_3/bin/../lib/gcc/arm-none-eabi/4.7.3/armv7e-m\libgcc.a(_arm_cmpdf2.o)
                0x1fff8974                __gtdf2
                0x1fff8974                __gedf2
                0x1fff897c                __ltdf2
                0x1fff897c                __ledf2
                0x1fff8984                __nedf2
                0x1fff8984                __eqdf2
                0x1fff8984                __cmpdf2
                0x1fff8a00                __aeabi_cdrcmple
                0x1fff8a10                __aeabi_cdcmpeq
                0x1fff8a10                __aeabi_cdcmple
                0x1fff8a20                __aeabi_dcmpeq
                0x1fff8a34                __aeabi_dcmplt
                0x1fff8a48                __aeabi_dcmple
                0x1fff8a5c                __aeabi_dcmpge
                0x1fff8a70                __aeabi_dcmpgt
 .text          0x1fff8a84       0xa0 c:/freescale/cw mcu v10.6/cross_tools/arm-none-eabi-gcc-4_7_3/bin/../lib/gcc/arm-none-eabi/4.7.3/armv7e-m\libgcc.a(_arm_truncdfsf2.o)
                0x1fff8a84                __truncdfsf2
                0x1fff8a84                __aeabi_d2f
 .text          0x1fff8b24      0x21c c:/freescale/cw mcu v10.6/cross_tools/arm-none-eabi-gcc-4_7_3/bin/../lib/gcc/arm-none-eabi/4.7.3/armv7e-m\libgcc.a(_arm_addsubsf3.o)
                0x1fff8b24                __aeabi_frsub
                0x1fff8b2c                __subsf3
                0x1fff8b2c                __aeabi_fsub
                0x1fff8b30                __aeabi_fadd
                0x1fff8b30                __addsf3
                0x1fff8c90                __aeabi_ui2f
                0x1fff8c90                __floatunsisf
                0x1fff8c98                __aeabi_i2f
                0x1fff8c98                __floatsisf
                0x1fff8cb4                __aeabi_ul2f
                0x1fff8cb4                __floatundisf
                0x1fff8cc4                __aeabi_l2f
                0x1fff8cc4                __floatdisf
 .text          0x1fff8d40      0x2a0 c:/freescale/cw mcu v10.6/cross_tools/arm-none-eabi-gcc-4_7_3/bin/../lib/gcc/arm-none-eabi/4.7.3/armv7e-m\libgcc.a(_arm_muldivsf3.o)
                0x1fff8d40                __mulsf3
                0x1fff8d40                __aeabi_fmul
                0x1fff8ea8                __aeabi_fdiv
                0x1fff8ea8                __divsf3
 .text          0x1fff8fe0       0x4c c:/freescale/cw mcu v10.6/cross_tools/arm-none-eabi-gcc-4_7_3/bin/../lib/gcc/arm-none-eabi/4.7.3/armv7e-m\libgcc.a(_arm_fixsfsi.o)
                0x1fff8fe0                __aeabi_f2iz
                0x1fff8fe0                __fixsfsi
 .text          0x1fff902c       0x40 c:/freescale/cw mcu v10.6/cross_tools/arm-none-eabi-gcc-4_7_3/bin/../lib/gcc/arm-none-eabi/4.7.3/armv7e-m\libgcc.a(_arm_fixunssfsi.o)
                0x1fff902c                __fixunssfsi
                0x1fff902c                __aeabi_f2uiz
 *(.text*)
 .text.Default_Handler
                0x1fff906c        0xc ./Project_Settings/Startup_Code/kinetis_sysinit.o
                0x1fff906c                HardFault_Handler
                0x1fff906c                PendSV_Handler
                0x1fff906c                NMI_Handler
                0x1fff906c                UsageFault_Handler
                0x1fff906c                Default_Handler
                0x1fff906c                MemManage_Handler
                0x1fff906c                SVC_Handler
                0x1fff906c                BusFault_Handler
                0x1fff906c                DebugMonitor_Handler
 .text.__init_hardware
                0x1fff9078       0x44 ./Project_Settings/Startup_Code/kinetis_sysinit.o
                0x1fff9078                __init_hardware
 .text.zero_fill_bss
                0x1fff90bc       0x2c ./Project_Settings/Startup_Code/__arm_start.o
 .text.__thumb_startup
                0x1fff90e8       0x30 ./Project_Settings/Startup_Code/__arm_start.o
                0x1fff90e8                __thumb_startup
 .text._ExitProcess
                0x1fff9118        0xc ./Project_Settings/Startup_Code/__arm_end.o
                0x1fff9118                _ExitProcess
 .text.mem_cpy  0x1fff9124       0x50 ./Sources/ff10b/src/ff.o
 .text.mem_set  0x1fff9174       0x44 ./Sources/ff10b/src/ff.o
 .text.mem_cmp  0x1fff91b8       0x70 ./Sources/ff10b/src/ff.o
 .text.chk_chr  0x1fff9228       0x38 ./Sources/ff10b/src/ff.o
 .text.sync_window
                0x1fff9260       0x98 ./Sources/ff10b/src/ff.o
 .text.move_window
                0x1fff92f8       0x60 ./Sources/ff10b/src/ff.o
 .text.sync_fs  0x1fff9358      0x180 ./Sources/ff10b/src/ff.o
 .text.clust2sect
                0x1fff94d8       0x44 ./Sources/ff10b/src/ff.o
                0x1fff94d8                clust2sect
 .text.get_fat  0x1fff951c      0x1a4 ./Sources/ff10b/src/ff.o
                0x1fff951c                get_fat
 .text.get_fattime
                0x1fff96c0       0x10 ./Sources/ff10b/src/ff.o
                0x1fff96c0                get_fattime
 .text.put_fat  0x1fff96d0      0x254 ./Sources/ff10b/src/ff.o
                0x1fff96d0                put_fat
 .text.remove_chain
                0x1fff9924       0xb4 ./Sources/ff10b/src/ff.o
 .text.create_chain
                0x1fff99d8      0x13c ./Sources/ff10b/src/ff.o
 .text.dir_sdi  0x1fff9b14      0x114 ./Sources/ff10b/src/ff.o
 .text.dir_next
                0x1fff9c28      0x1dc ./Sources/ff10b/src/ff.o
 .text.dir_alloc
                0x1fff9e04       0x9c ./Sources/ff10b/src/ff.o
 .text.ld_clust
                0x1fff9ea0       0x64 ./Sources/ff10b/src/ff.o
 .text.st_clust
                0x1fff9f04       0x5c ./Sources/ff10b/src/ff.o
 .text.dir_find
                0x1fff9f60       0xa4 ./Sources/ff10b/src/ff.o
 .text.dir_register
                0x1fffa004       0x74 ./Sources/ff10b/src/ff.o
 .text.create_name
                0x1fffa078      0x278 ./Sources/ff10b/src/ff.o
 .text.follow_path
                0x1fffa2f0       0xe0 ./Sources/ff10b/src/ff.o
 .text.get_ldnumber
                0x1fffa3d0       0x94 ./Sources/ff10b/src/ff.o
 .text.check_fs
                0x1fffa464       0xe8 ./Sources/ff10b/src/ff.o
 .text.find_volume
                0x1fffa54c      0x618 ./Sources/ff10b/src/ff.o
 .text.validate
                0x1fffab64       0x64 ./Sources/ff10b/src/ff.o
 .text.f_mount  0x1fffabc8       0x9c ./Sources/ff10b/src/ff.o
                0x1fffabc8                f_mount
 .text.f_open   0x1fffac64      0x2dc ./Sources/ff10b/src/ff.o
                0x1fffac64                f_open
 .text.f_write  0x1fffaf40      0x328 ./Sources/ff10b/src/ff.o
                0x1fffaf40                f_write
 .text.f_sync   0x1fffb268      0x188 ./Sources/ff10b/src/ff.o
                0x1fffb268                f_sync
 .text.wait_ready
                0x1fffb3f0       0x54 ./Sources/ff10b/src/diskio.o
 .text.deselect
                0x1fffb444       0x28 ./Sources/ff10b/src/diskio.o
 .text.select   0x1fffb46c       0x44 ./Sources/ff10b/src/diskio.o
 .text.disk_initialize
                0x1fffb4b0       0x28 ./Sources/ff10b/src/diskio.o
                0x1fffb4b0                disk_initialize
 .text.disk_status
                0x1fffb4d8       0x1c ./Sources/ff10b/src/diskio.o
                0x1fffb4d8                disk_status
 .text.disk_read
                0x1fffb4f4       0xa0 ./Sources/ff10b/src/diskio.o
                0x1fffb4f4                disk_read
 .text.disk_write
                0x1fffb594       0xd4 ./Sources/ff10b/src/diskio.o
                0x1fffb594                disk_write
 .text.disk_ioctl
                0x1fffb668      0x19c ./Sources/ff10b/src/diskio.o
                0x1fffb668                disk_ioctl
 .text.SysTick_Handler
                0x1fffb804       0x24 ./Sources/processor_specific_functions/K40/sys/systick.o
                0x1fffb804                SysTick_Handler
 .text.Delay_mS
                0x1fffb828       0x34 ./Sources/processor_specific_functions/K40/sys/systick.o
                0x1fffb828                Delay_mS
 .text.enable_irq
                0x1fffb85c      0x154 ./Sources/processor_specific_functions/K40/sys/arm_cm4.o
                0x1fffb85c                enable_irq
 .text.disable_irq
                0x1fffb9b0       0xc8 ./Sources/processor_specific_functions/K40/sys/arm_cm4.o
                0x1fffb9b0                disable_irq
 .text.set_irq_priority
                0x1fffba78       0x2c ./Sources/processor_specific_functions/K40/sys/arm_cm4.o
                0x1fffba78                set_irq_priority
 .text.init_Ticker
                0x1fffbaa4       0x88 ./Sources/processor_specific_functions/K40/misc.o
                0x1fffbaa4                init_Ticker
 .text.initTimer0
                0x1fffbb2c       0x64 ./Sources/processor_specific_functions/K40/misc.o
                0x1fffbb2c                initTimer0
 .text.initTimer1
                0x1fffbb90       0x64 ./Sources/processor_specific_functions/K40/misc.o
                0x1fffbb90                initTimer1
 .text.initRed  0x1fffbbf4       0x70 ./Sources/processor_specific_functions/K40/misc.o
                0x1fffbbf4                initRed
 .text.initGreen
                0x1fffbc64       0x70 ./Sources/processor_specific_functions/K40/misc.o
                0x1fffbc64                initGreen
 .text.initBlue
                0x1fffbcd4       0x70 ./Sources/processor_specific_functions/K40/misc.o
                0x1fffbcd4                initBlue
 .text.initLEDs
                0x1fffbd44       0x14 ./Sources/processor_specific_functions/K40/misc.o
                0x1fffbd44                initLEDs
 .text.Init_I2C
                0x1fffbd58       0x94 ./Sources/processor_specific_functions/K40/i2c.o
                0x1fffbd58                Init_I2C
 .text.IIC_StartTransmission
                0x1fffbdec       0x74 ./Sources/processor_specific_functions/K40/i2c.o
                0x1fffbdec                IIC_StartTransmission
 .text.Pause    0x1fffbe60       0x28 ./Sources/processor_specific_functions/K40/i2c.o
                0x1fffbe60                Pause
 .text.I2CReadRegister
                0x1fffbe88      0x29c ./Sources/processor_specific_functions/K40/i2c.o
                0x1fffbe88                I2CReadRegister
 .text.I2CWriteRegister
                0x1fffc124      0x1b8 ./Sources/processor_specific_functions/K40/i2c.o
                0x1fffc124                I2CWriteRegister
 .text.I2CReadMultiRegisters
                0x1fffc2dc      0x3dc ./Sources/processor_specific_functions/K40/i2c.o
                0x1fffc2dc                I2CReadMultiRegisters
 .text.spi_send
                0x1fffc6b8       0x1c ./Sources/processor_specific_functions/K40/SPI.o
                0x1fffc6b8                spi_send
 .text.init_SPI0
                0x1fffc6d4        0xc ./Sources/processor_specific_functions/K40/SPI.o
                0x1fffc6d4                init_SPI0
 .text.init_PWM
                0x1fffc6e0       0xa8 ./Sources/processor_specific_functions/K40/PWM.o
                0x1fffc6e0                init_PWM
 .text.init_Motor_PWM
                0x1fffc788      0x158 ./Sources/processor_specific_functions/K40/PWM.o
                0x1fffc788                init_Motor_PWM
 .text.ADC_Cal  0x1fffc8e0      0x138 ./Sources/processor_specific_functions/K40/ADC.o
                0x1fffc8e0                ADC_Cal
 .text.ADC_Config_Alt
                0x1fffca18       0x64 ./Sources/processor_specific_functions/K40/ADC.o
                0x1fffca18                ADC_Config_Alt
 .text.InitADC  0x1fffca7c       0xf8 ./Sources/processor_specific_functions/K40/ADC.o
                0x1fffca7c                InitADC
 .text.InitADCpins
                0x1fffcb74      0x114 ./Sources/processor_specific_functions/K40/ADC.o
                0x1fffcb74                InitADCpins
 .text.Zero_Sensors
                0x1fffcc88       0xe4 ./Sources/main.o
                0x1fffcc88                Zero_Sensors
 .text.motor_test
                0x1fffcd6c       0x50 ./Sources/main.o
                0x1fffcd6c                motor_test
 .text.error    0x1fffcdbc       0x14 ./Sources/main.o
                0x1fffcdbc                error
 .text.main     0x1fffcdd0       0xf4 ./Sources/main.o
                0x1fffcdd0                main
 .text.initInterrupts
                0x1fffcec4       0x30 ./Sources/init.o
                0x1fffcec4                initInterrupts
 .text.Init     0x1fffcef4       0x38 ./Sources/init.o
                0x1fffcef4                Init
 .text.command  0x1fffcf2c       0xe8 ./Sources/SDcard.o
                0x1fffcf2c                command
 .text.command58
                0x1fffd014      0x114 ./Sources/SDcard.o
                0x1fffd014                command58
 .text.command8
                0x1fffd128       0xfc ./Sources/SDcard.o
                0x1fffd128                command8
 .text.init_SD_v2
                0x1fffd224       0x68 ./Sources/SDcard.o
                0x1fffd224                init_SD_v2
 .text.init_SDcard
                0x1fffd28c       0xc0 ./Sources/SDcard.o
                0x1fffd28c                init_SDcard
 .text.init_SD  0x1fffd34c       0x3c ./Sources/SDcard.o
                0x1fffd34c                init_SD
 .text.init_SD_FAIL
                0x1fffd388       0x3c ./Sources/SDcard.o
                0x1fffd388                init_SD_FAIL
 .text.init_SD_block512Fail
                0x1fffd3c4       0x50 ./Sources/SDcard.o
                0x1fffd3c4                init_SD_block512Fail
 .text.write    0x1fffd414       0xe8 ./Sources/SDcard.o
                0x1fffd414                write
 .text.read     0x1fffd4fc       0x9c ./Sources/SDcard.o
                0x1fffd4fc                read
 .text.create_log
                0x1fffd598       0xb8 ./Sources/SDcard.o
                0x1fffd598                create_log
 .text.write_dT
                0x1fffd650       0x98 ./Sources/SDcard.o
                0x1fffd650                write_dT
 .text.SetMotorPWM
                0x1fffd6e8      0x230 ./Sources/Motor.o
                0x1fffd6e8                SetMotorPWM
 .text.MPU6050_Test_I2C
                0x1fffd918       0x38 ./Sources/MPU6050.o
                0x1fffd918                MPU6050_Test_I2C
 .text.MPU6050_Setup
                0x1fffd950      0x2a8 ./Sources/MPU6050.o
                0x1fffd950                MPU6050_Setup
 .text.Calibrate_Accel
                0x1fffdbf8      0x10c ./Sources/MPU6050.o
                0x1fffdbf8                Calibrate_Accel
 .text.Get_Accel_Values
                0x1fffdd04      0x158 ./Sources/MPU6050.o
                0x1fffdd04                Get_Accel_Values
 .text.Calibrate_Gyros
                0x1fffde5c      0x1e0 ./Sources/MPU6050.o
                0x1fffde5c                Calibrate_Gyros
 *fill*         0x1fffe03c        0x4 00
 .text.RAW_convert
                0x1fffe040      0x2e0 ./Sources/MPU6050.o
                0x1fffe040                RAW_convert
 .text.read_MPU6050
                0x1fffe320       0x2c ./Sources/MPU6050.o
                0x1fffe320                read_MPU6050
 *fill*         0x1fffe34c        0x4 00
 .text.Get_Angles
                0x1fffe350      0x2d0 ./Sources/MPU6050.o
                0x1fffe350                Get_Angles
 .text.init_MPU6050
                0x1fffe620       0x20 ./Sources/MPU6050.o
                0x1fffe620                init_MPU6050
 .text.SDcardw_Interrupt
                0x1fffe640      0x25c ./Sources/Interrupts.o
                0x1fffe640                SDcardw_Interrupt
 .text.snprintf
                0x1fffe89c       0x18 C:/Freescale/CW MCU v10.6/MCU/ARM_GCC_Support/ewl/lib/armv7e-m\libc.a(snprintf.o)
                0x1fffe89c                snprintf
 .text.sprintf  0x1fffe8b4       0x1c C:/Freescale/CW MCU v10.6/MCU/ARM_GCC_Support/ewl/lib/armv7e-m\libc.a(sprintf.o)
                0x1fffe8b4                sprintf
 .text.__StringWrite
                0x1fffe8d0       0x2a C:/Freescale/CW MCU v10.6/MCU/ARM_GCC_Support/ewl/lib/armv7e-m\libc.a(vsnprintf.o)
                0x1fffe8d0                __StringWrite
 *fill*         0x1fffe8fa        0x2 00
 .text.vsnprintf
                0x1fffe8fc       0x34 C:/Freescale/CW MCU v10.6/MCU/ARM_GCC_Support/ewl/lib/armv7e-m\libc.a(vsnprintf.o)
                0x1fffe8fc                vsnprintf
 .text.exit     0x1fffe930       0x38 C:/Freescale/CW MCU v10.6/MCU/ARM_GCC_Support/ewl/lib/armv7e-m\libc.a(exit.o)
                0x1fffe930                exit
 .text.memcpy   0x1fffe968       0x12 C:/Freescale/CW MCU v10.6/MCU/ARM_GCC_Support/ewl/lib/armv7e-m\libc.a(memcpy.o)
                0x1fffe968                memcpy
 .text.memset   0x1fffe97a        0xc C:/Freescale/CW MCU v10.6/MCU/ARM_GCC_Support/ewl/lib/armv7e-m\libc.a(memset.o)
                0x1fffe97a                memset
 .text.strlen   0x1fffe986       0x10 C:/Freescale/CW MCU v10.6/MCU/ARM_GCC_Support/ewl/lib/armv7e-m\libc.a(strlen.o)
                0x1fffe986                strlen
 .text.long2str.isra.0
                0x1fffe996      0x196 C:/Freescale/CW MCU v10.6/MCU/ARM_GCC_Support/ewl/lib/armv7e-m\libc.a(printformat_.o)
 .text.__pformatter_
                0x1fffeb2c      0x3f8 C:/Freescale/CW MCU v10.6/MCU/ARM_GCC_Support/ewl/lib/armv7e-m\libc.a(printformat_.o)
                0x1fffeb2c                __pformatter_
 .text.__sformatter
                0x1fffef24      0x6f4 C:/Freescale/CW MCU v10.6/MCU/ARM_GCC_Support/ewl/lib/armv7e-m\libc.a(scanformat_.o)
                0x1fffef24                __sformatter
 .text.isalpha  0x1ffff618       0x1c C:/Freescale/CW MCU v10.6/MCU/ARM_GCC_Support/ewl/lib/armv7e-m\libc.a(ctype_aeabi.o)
                0x1ffff618                isalpha
 .text.isspace  0x1ffff634       0x1c C:/Freescale/CW MCU v10.6/MCU/ARM_GCC_Support/ewl/lib/armv7e-m\libc.a(ctype_aeabi.o)
                0x1ffff634                isspace
 .text.toupper  0x1ffff650        0xc C:/Freescale/CW MCU v10.6/MCU/ARM_GCC_Support/ewl/lib/armv7e-m\libc.a(ctype_aeabi.o)
                0x1ffff650                toupper
 .text.__strtoul
                0x1ffff65c      0x214 C:/Freescale/CW MCU v10.6/MCU/ARM_GCC_Support/ewl/lib/armv7e-m\libc.a(__strtoul.o)
                0x1ffff65c                __strtoul
 .text.__fill_mem
                0x1ffff870       0x76 C:/Freescale/CW MCU v10.6/MCU/ARM_GCC_Support/ewl/lib/armv7e-m\libc.a(__filll_mem.o)
                0x1ffff870                __fill_mem
 .text.memchr   0x1ffff8e6       0x18 C:/Freescale/CW MCU v10.6/MCU/ARM_GCC_Support/ewl/lib/armv7e-m\libc.a(memchr.o)
                0x1ffff8e6                memchr
 .text.strchr   0x1ffff8fe       0x1a C:/Freescale/CW MCU v10.6/MCU/ARM_GCC_Support/ewl/lib/armv7e-m\libc.a(strchr.o)
                0x1ffff8fe                strchr
 .text.atan     0x1ffff918      0x360 C:/Freescale/CW MCU v10.6/MCU/ARM_GCC_Support/ewl/lib/armv7e-m\libm.a(s_atan.o)
                0x1ffff918                atan
 .text.pow      0x1ffffc78        0x4 C:/Freescale/CW MCU v10.6/MCU/ARM_GCC_Support/ewl/lib/armv7e-m\libm.a(w_pow.o)
                0x1ffffc78                pow
 .text.sqrt     0x1ffffc7c        0x4 C:/Freescale/CW MCU v10.6/MCU/ARM_GCC_Support/ewl/lib/armv7e-m\libm.a(w_sqrt.o)
                0x1ffffc7c                sqrt
 .text.__ieee754_pow
                0x1ffffc80      0xb58 C:/Freescale/CW MCU v10.6/MCU/ARM_GCC_Support/ewl/lib/armv7e-m\libm.a(e_pow.o)
                0x1ffffc80                __ieee754_pow
 .text.__ieee754_sqrt
                0x200007d8      0x164 C:/Freescale/CW MCU v10.6/MCU/ARM_GCC_Support/ewl/lib/armv7e-m\libm.a(e_sqrt.o)
                0x200007d8                __ieee754_sqrt
 .text.__fpclassifyd
                0x2000093c       0x38 C:/Freescale/CW MCU v10.6/MCU/ARM_GCC_Support/ewl/lib/armv7e-m\libm.a(math_api.o)
                0x2000093c                __fpclassifyd
 .text.scalbn   0x20000974       0x18 C:/Freescale/CW MCU v10.6/MCU/ARM_GCC_Support/ewl/lib/armv7e-m\libm.a(scalbn.o)
                0x20000974                scalbn
 .text.frexp    0x2000098c       0x6c C:/Freescale/CW MCU v10.6/MCU/ARM_GCC_Support/ewl/lib/armv7e-m\libm.a(s_frexp.o)
                0x2000098c                frexp
 .text.ldexp    0x200009f8      0x138 C:/Freescale/CW MCU v10.6/MCU/ARM_GCC_Support/ewl/lib/armv7e-m\libm.a(s_ldexp.o)
                0x200009f8                ldexp
 .text.__init_cpp
                0x20000b30       0x4c C:/Freescale/CW MCU v10.6/MCU/ARM_GCC_Support/ewl/lib/armv7e-m\librt.a(gcc_ctor_dtor.o)
                0x20000b30                __init_cpp
 .text.__fini_cpp
                0x20000b7c       0x34 C:/Freescale/CW MCU v10.6/MCU/ARM_GCC_Support/ewl/lib/armv7e-m\librt.a(gcc_ctor_dtor.o)
                0x20000b7c                __fini_cpp
 .text.__copy_rom_section
                0x20000bb0       0x44 C:/Freescale/CW MCU v10.6/MCU/ARM_GCC_Support/ewl/lib/armv7e-m\librt.a(ROMCopy.o)
                0x20000bb0                __copy_rom_section
 .text.__copy_rom_sections_to_ram
                0x20000bf4       0x30 C:/Freescale/CW MCU v10.6/MCU/ARM_GCC_Support/ewl/lib/armv7e-m\librt.a(ROMCopy.o)
                0x20000bf4                __copy_rom_sections_to_ram
 .text.__destroy_global_chain
                0x20000c24       0x18 C:/Freescale/CW MCU v10.6/MCU/ARM_GCC_Support/ewl/lib/armv7e-m\librt.a(__arm_eabi_init.o)
                0x20000c24                __destroy_global_chain
 .text.__init_registers
                0x20000c3c       0x24 C:/Freescale/CW MCU v10.6/MCU/ARM_GCC_Support/ewl/lib/armv7e-m\librt.a(__arm_eabi_init.o)
                0x20000c3c                __init_registers
 .text.__init_user
                0x20000c60        0x4 C:/Freescale/CW MCU v10.6/MCU/ARM_GCC_Support/ewl/lib/armv7e-m\librt.a(__arm_eabi_init.o)
                0x20000c60                __init_user
 *(.rodata)
 .rodata        0x20000c64       0x10 ./Sources/ff10b/src/ff.o
 .rodata        0x20000c74       0x7c ./Sources/main.o
 .rodata        0x20000cf0       0x18 ./Sources/SDcard.o
 .rodata        0x20000d08        0x4 ./Sources/Interrupts.o
 *(.rodata*)
 .rodata.str1.1
                0x20000d0c        0x1 C:/Freescale/CW MCU v10.6/MCU/ARM_GCC_Support/ewl/lib/armv7e-m\libc.a(printformat_.o)
 .rodata.CSWTCH.20
                0x20000d0d        0x5 C:/Freescale/CW MCU v10.6/MCU/ARM_GCC_Support/ewl/lib/armv7e-m\libc.a(printformat_.o)
 .rodata.CSWTCH.21
                0x20000d12        0x5 C:/Freescale/CW MCU v10.6/MCU/ARM_GCC_Support/ewl/lib/armv7e-m\libc.a(printformat_.o)
 .rodata.__aeabi_ctype_table_C
                0x20000d17      0x101 C:/Freescale/CW MCU v10.6/MCU/ARM_GCC_Support/ewl/lib/armv7e-m\libc.a(ctype_aeabi.o)
                0x20000d17                __aeabi_ctype_table_C
 .rodata.atanlo
                0x20000e18       0x20 C:/Freescale/CW MCU v10.6/MCU/ARM_GCC_Support/ewl/lib/armv7e-m\libm.a(s_atan.o)
 .rodata.atanhi
                0x20000e38       0x20 C:/Freescale/CW MCU v10.6/MCU/ARM_GCC_Support/ewl/lib/armv7e-m\libm.a(s_atan.o)
 .rodata.dp_h   0x20000e58       0x10 C:/Freescale/CW MCU v10.6/MCU/ARM_GCC_Support/ewl/lib/armv7e-m\libm.a(e_pow.o)
 .rodata.dp_l   0x20000e68       0x10 C:/Freescale/CW MCU v10.6/MCU/ARM_GCC_Support/ewl/lib/armv7e-m\libm.a(e_pow.o)
 .rodata.bp     0x20000e78       0x10 C:/Freescale/CW MCU v10.6/MCU/ARM_GCC_Support/ewl/lib/armv7e-m\libm.a(e_pow.o)
 *(.glue_7)
 .glue_7        0x00000000        0x0 linker stubs
 *(.glue_7t)
 .glue_7t       0x00000000        0x0 linker stubs
 *(.eh_frame)
 *(.init)
 *(.fini)
                0x20000e88                . = ALIGN (0x4)
                0x20000e88                _etext = .

.vfp11_veneer   0x20000e88        0x0
 .vfp11_veneer  0x00000000        0x0 linker stubs

.v4_bx          0x20000e88        0x0
 .v4_bx         0x00000000        0x0 linker stubs

.iplt           0x20000e88        0x0
 .iplt          0x00000000        0x0 ./Project_Settings/Startup_Code/kinetis_sysinit.o

.rel.dyn        0x20000e88        0x0
 .rel.iplt      0x00000000        0x0 ./Project_Settings/Startup_Code/kinetis_sysinit.o

.ARM.extab
 *(.ARM.extab* .gnu.linkonce.armextab.*)

.ARM            0x20000e88        0x0
                0x20000e88                __exidx_start = .
 *(.ARM.exidx*)
                0x20000e88                __exidx_end = .

.ctors          0x20000e88        0x0
                0x20000e88                __CTOR_LIST__ = .
 *crtbegin.o(.ctors)
 *(EXCLUDE_FILE(*crtend.o) .ctors)
 *(SORT(.ctors.*))
 *(.ctors)
                0x20000e88                __CTOR_END__ = .

.dtors          0x20000e88        0x0
                0x20000e88                __DTOR_LIST__ = .
 *crtbegin.o(.dtors)
 *(EXCLUDE_FILE(*crtend.o) .dtors)
 *(SORT(.dtors.*))
 *(.dtors)
                0x20000e88                __DTOR_END__ = .

.preinit_array  0x20000e88        0x0
                0x20000e88                PROVIDE (__preinit_array_start, .)
 *(.preinit_array*)
                0x20000e88                PROVIDE (__preinit_array_end, .)

.init_array     0x20000e88        0x0
                0x20000e88                PROVIDE (__init_array_start, .)
 *(SORT(.init_array.*))
 *(.init_array*)
                0x20000e88                PROVIDE (__init_array_end, .)

.fini_array     0x20000e88        0x0
                0x20000e88                PROVIDE (__fini_array_start, .)
 *(SORT(.fini_array.*))
 *(.fini_array*)
                0x20000e88                PROVIDE (__fini_array_end, .)

.data           0x20000000       0x1c
                0x20000000                . = ALIGN (0x4)
                0x20000000                _sdata = .
 *(.data)
 *(.data*)
 .data.gyro_xsensitivity
                0x20000000        0x4 ./Sources/MPU6050.o
                0x20000000                gyro_xsensitivity
 .data.gyro_ysensitivity
                0x20000004        0x4 ./Sources/MPU6050.o
                0x20000004                gyro_ysensitivity
 .data.gyro_zsensitivity
                0x20000008        0x4 ./Sources/MPU6050.o
                0x20000008                gyro_zsensitivity
 .data.dt       0x2000000c        0x4 ./Sources/MPU6050.o
                0x2000000c                dt
 .data.basepower
                0x20000010        0x4 ./Sources/Interrupts.o
                0x20000010                basepower
 .data.__double_nan
                0x20000014        0x8 C:/Freescale/CW MCU v10.6/MCU/ARM_GCC_Support/ewl/lib/armv7e-m\libm.a(float.o)
                0x20000014                __double_nan
                0x2000001c                . = ALIGN (0x4)
                0x2000001c                _edata = .

.igot.plt       0x2000001c        0x0
 .igot.plt      0x00000000        0x0 ./Project_Settings/Startup_Code/kinetis_sysinit.o
                0x2000001c                . = ALIGN (0x4)

.bss            0x2000001c      0xee0
                0x2000001c                __START_BSS = .
                0x2000001c                PROVIDE (__bss_start__, __START_BSS)
 *(.bss)
 *(.bss*)
 .bss.argv      0x2000001c        0x4 ./Project_Settings/Startup_Code/__arm_start.o
 .bss.FatFs     0x20000020        0x4 ./Sources/ff10b/src/ff.o
 .bss.Fsid      0x20000024        0x2 ./Sources/ff10b/src/ff.o
 *fill*         0x20000026        0x2 00
 .bss.DelayTimerTick
                0x20000028        0x4 ./Sources/processor_specific_functions/K40/sys/systick.o
 .bss.GYRO_XOUT_OFFSET
                0x2000002c        0x2 ./Sources/MPU6050.o
                0x2000002c                GYRO_XOUT_OFFSET
 .bss.GYRO_YOUT_OFFSET
                0x2000002e        0x2 ./Sources/MPU6050.o
                0x2000002e                GYRO_YOUT_OFFSET
 .bss.GYRO_ZOUT_OFFSET
                0x20000030        0x2 ./Sources/MPU6050.o
                0x20000030                GYRO_ZOUT_OFFSET
 *fill*         0x20000032        0x2 00
 .bss.GYRO_XANGLE
                0x20000034        0x4 ./Sources/MPU6050.o
                0x20000034                GYRO_XANGLE
 .bss.GYRO_YANGLE
                0x20000038        0x4 ./Sources/MPU6050.o
                0x20000038                GYRO_YANGLE
 .bss.GYRO_ZANGLE
                0x2000003c        0x4 ./Sources/MPU6050.o
                0x2000003c                GYRO_ZANGLE
 .bss.GYRO_XOUT
                0x20000040        0x2 ./Sources/MPU6050.o
                0x20000040                GYRO_XOUT
 .bss.GYRO_YOUT
                0x20000042        0x2 ./Sources/MPU6050.o
                0x20000042                GYRO_YOUT
 .bss.GYRO_ZOUT
                0x20000044        0x2 ./Sources/MPU6050.o
                0x20000044                GYRO_ZOUT
 .bss.ACCEL_XOUT
                0x20000046        0x2 ./Sources/MPU6050.o
                0x20000046                ACCEL_XOUT
 .bss.ACCEL_YOUT
                0x20000048        0x2 ./Sources/MPU6050.o
                0x20000048                ACCEL_YOUT
 .bss.ACCEL_ZOUT
                0x2000004a        0x2 ./Sources/MPU6050.o
                0x2000004a                ACCEL_ZOUT
 .bss.GYRO_XRATE
                0x2000004c        0x4 ./Sources/MPU6050.o
                0x2000004c                GYRO_XRATE
 .bss.GYRO_YRATE
                0x20000050        0x4 ./Sources/MPU6050.o
                0x20000050                GYRO_YRATE
 .bss.GYRO_ZRATE
                0x20000054        0x4 ./Sources/MPU6050.o
                0x20000054                GYRO_ZRATE
 .bss.COMPLEMENTARY_XANGLE
                0x20000058        0x4 ./Sources/MPU6050.o
                0x20000058                COMPLEMENTARY_XANGLE
 .bss.COMPLEMENTARY_YANGLE
                0x2000005c        0x4 ./Sources/MPU6050.o
                0x2000005c                COMPLEMENTARY_YANGLE
 .bss.XANGLE_OFFSET
                0x20000060        0x4 ./Sources/MPU6050.o
                0x20000060                XANGLE_OFFSET
 .bss.YANGLE_OFFSET
                0x20000064        0x4 ./Sources/MPU6050.o
                0x20000064                YANGLE_OFFSET
 .bss.Gx_offset
                0x20000068        0x4 ./Sources/MPU6050.o
                0x20000068                Gx_offset
 .bss.Gy_offset
                0x2000006c        0x4 ./Sources/MPU6050.o
                0x2000006c                Gy_offset
 .bss.Gz_offset
                0x20000070        0x4 ./Sources/MPU6050.o
                0x20000070                Gz_offset
 .bss.No        0x20000074        0x4 ./Sources/Interrupts.o
                0x20000074                No
 .bss.__stdio_exit
                0x20000078        0x4 C:/Freescale/CW MCU v10.6/MCU/ARM_GCC_Support/ewl/lib/armv7e-m\libc.a(exit.o)
                0x20000078                __stdio_exit
 .bss.__console_exit
                0x2000007c        0x4 C:/Freescale/CW MCU v10.6/MCU/ARM_GCC_Support/ewl/lib/armv7e-m\libc.a(exit.o)
                0x2000007c                __console_exit
 .bss.__S_romp  0x20000080        0xc C:/Freescale/CW MCU v10.6/MCU/ARM_GCC_Support/ewl/lib/armv7e-m\librt.a(ROMCopy.o)
 .bss.__global_destructor_chain
                0x2000008c        0x4 C:/Freescale/CW MCU v10.6/MCU/ARM_GCC_Support/ewl/lib/armv7e-m\librt.a(__arm_eabi_init.o)
                0x2000008c                __global_destructor_chain
 *(COMMON)
 COMMON         0x20000090      0xd74 ./Sources/ff10b/src/diskio.o
                0x20000090                absolute_altittude
                0x20000094                MD
                0x20000096                AC1
                0x20000098                AC6
                0x2000009c                FatFs
                0x200002cc                MPU_6050_buffer
                0x200002dc                batt2_vol
                0x200002e0                ACCEL_YANGLE
                0x200002e4                AC5
                0x200002e8                T
                0x200002ec                TEMP
                0x200002f0                uart_data
                0x200002f2                AC4
                0x200002f4                BATT_VOLT
                0x200002f8                MB
                0x200002fa                AC2
                0x200002fc                AC3
                0x200002fe                B2
                0x20000300                SDA_SERIAL_INCOMING_QUEUE_Storage
                0x20000380                adc_data
                0x200003bc                relative_altittude
                0x200003c0                batt3_vol
                0x200003c4                batt1_vol
                0x200003c8                SDA_SERIAL_OUTGOING_QUEUE_Storage
                0x20000bc8                start_altittude
                0x20000bcc                I2C_Variable
                0x20000bd0                a
                0x20000bd4                B1
                0x20000bd6                MC
                0x20000bd8                fil
                0x20000dfc                ACCEL_XANGLE
                0x20000e00                P
 COMMON         0x20000e04       0x10 ./Sources/processor_specific_functions/K40/ADC.o
                0x20000e04                Master_Adc_Config
 COMMON         0x20000e14       0xe4 ./Sources/Interrupts.o
                0x20000e14                D
                0x20000e18                output_y
                0x20000e1c                A_f
                0x20000e20                adc_temp
                0x20000e5c                Kp_mem
                0x20000e60                A
                0x20000e64                B_f
                0x20000e68                flag
                0x20000e6c                C_f
                0x20000e70                output_x
                0x20000e74                B
                0x20000e78                C
                0x20000e7c                D_f
                0x20000e80                adc
                0x20000ebc                errorPrev_alt
                0x20000ec0                tt
                0x20000ee8                LOW_BATT_FLAG
                0x20000eec                Kd_mem
                0x20000ef0                output_z
                0x20000ef4                flag_kyb
 COMMON         0x20000ef8        0x4 C:/Freescale/CW MCU v10.6/MCU/ARM_GCC_Support/ewl/lib/armv7e-m\libc.a(errno.o)
                0x20000ef8                errno
                0x20000efc                . = ALIGN (0x4)
                0x20000efc                __END_BSS = .
                0x20000efc                PROVIDE (__bss_end__, __END_BSS)

._user_heap_stack
                0x20000efc     0x1000
                0x20000efc                . = ALIGN (0x4)
                0x20000efc                PROVIDE (end, .)
                0x20000efc                PROVIDE (_end, .)
                0x20000efc                __heap_addr = .
                0x200016fc                . = (. + __heap_size)
 *fill*         0x20000efc      0x800 00
                0x20001efc                . = (. + __stack_size)
 *fill*         0x200016fc      0x800 00
                0x20001efc                . = ALIGN (0x4)
                0x00000000                __S_romp = 0x0

.ARM.attributes
                0x00000000       0x33
 *(.ARM.attributes)
 .ARM.attributes
                0x00000000       0x33 ./Project_Settings/Startup_Code/kinetis_sysinit.o
 .ARM.attributes
                0x00000033       0x33 ./Project_Settings/Startup_Code/__arm_start.o
 .ARM.attributes
                0x00000066       0x33 ./Project_Settings/Startup_Code/__arm_end.o
 .ARM.attributes
                0x00000099       0x33 ./Sources/ff10b/src/ff.o
 .ARM.attributes
                0x000000cc       0x33 ./Sources/ff10b/src/diskio.o
 .ARM.attributes
                0x000000ff       0x33 ./Sources/processor_specific_functions/K40/sys/systick.o
 .ARM.attributes
                0x00000132       0x33 ./Sources/processor_specific_functions/K40/sys/arm_cm4.o
 .ARM.attributes
                0x00000165       0x33 ./Sources/processor_specific_functions/K40/misc.o
 .ARM.attributes
                0x00000198       0x33 ./Sources/processor_specific_functions/K40/i2c.o
 .ARM.attributes
                0x000001cb       0x33 ./Sources/processor_specific_functions/K40/SPI.o
 .ARM.attributes
                0x000001fe       0x33 ./Sources/processor_specific_functions/K40/PWM.o
 .ARM.attributes
                0x00000231       0x33 ./Sources/processor_specific_functions/K40/ADC.o
 .ARM.attributes
                0x00000264       0x33 ./Sources/main.o
 .ARM.attributes
                0x00000297       0x33 ./Sources/init.o
 .ARM.attributes
                0x000002ca       0x33 ./Sources/SDcard.o
 .ARM.attributes
                0x000002fd       0x33 ./Sources/Motor.o
 .ARM.attributes
                0x00000330       0x33 ./Sources/MPU6050.o
 .ARM.attributes
                0x00000363       0x33 ./Sources/Interrupts.o
 .ARM.attributes
                0x00000396       0x33 C:/Freescale/CW MCU v10.6/MCU/ARM_GCC_Support/ewl/lib/armv7e-m\libc.a(snprintf.o)
 .ARM.attributes
                0x000003c9       0x33 C:/Freescale/CW MCU v10.6/MCU/ARM_GCC_Support/ewl/lib/armv7e-m\libc.a(sprintf.o)
 .ARM.attributes
                0x000003fc       0x33 C:/Freescale/CW MCU v10.6/MCU/ARM_GCC_Support/ewl/lib/armv7e-m\libc.a(vsnprintf.o)
 .ARM.attributes
                0x0000042f       0x33 C:/Freescale/CW MCU v10.6/MCU/ARM_GCC_Support/ewl/lib/armv7e-m\libc.a(exit.o)
 .ARM.attributes
                0x00000462       0x33 C:/Freescale/CW MCU v10.6/MCU/ARM_GCC_Support/ewl/lib/armv7e-m\libc.a(memcpy.o)
 .ARM.attributes
                0x00000495       0x33 C:/Freescale/CW MCU v10.6/MCU/ARM_GCC_Support/ewl/lib/armv7e-m\libc.a(memset.o)
 .ARM.attributes
                0x000004c8       0x33 C:/Freescale/CW MCU v10.6/MCU/ARM_GCC_Support/ewl/lib/armv7e-m\libc.a(strlen.o)
 .ARM.attributes
                0x000004fb       0x33 C:/Freescale/CW MCU v10.6/MCU/ARM_GCC_Support/ewl/lib/armv7e-m\libc.a(printformat_.o)
 .ARM.attributes
                0x0000052e       0x33 C:/Freescale/CW MCU v10.6/MCU/ARM_GCC_Support/ewl/lib/armv7e-m\libc.a(scanformat_.o)
 .ARM.attributes
                0x00000561       0x33 C:/Freescale/CW MCU v10.6/MCU/ARM_GCC_Support/ewl/lib/armv7e-m\libc.a(ctype_aeabi.o)
 .ARM.attributes
                0x00000594       0x33 C:/Freescale/CW MCU v10.6/MCU/ARM_GCC_Support/ewl/lib/armv7e-m\libc.a(__strtoul.o)
 .ARM.attributes
                0x000005c7       0x33 C:/Freescale/CW MCU v10.6/MCU/ARM_GCC_Support/ewl/lib/armv7e-m\libc.a(__filll_mem.o)
 .ARM.attributes
                0x000005fa       0x33 C:/Freescale/CW MCU v10.6/MCU/ARM_GCC_Support/ewl/lib/armv7e-m\libc.a(memchr.o)
 .ARM.attributes
                0x0000062d       0x33 C:/Freescale/CW MCU v10.6/MCU/ARM_GCC_Support/ewl/lib/armv7e-m\libc.a(strchr.o)
 .ARM.attributes
                0x00000660       0x33 C:/Freescale/CW MCU v10.6/MCU/ARM_GCC_Support/ewl/lib/armv7e-m\libm.a(s_atan.o)
 .ARM.attributes
                0x00000693       0x33 C:/Freescale/CW MCU v10.6/MCU/ARM_GCC_Support/ewl/lib/armv7e-m\libm.a(w_pow.o)
 .ARM.attributes
                0x000006c6       0x33 C:/Freescale/CW MCU v10.6/MCU/ARM_GCC_Support/ewl/lib/armv7e-m\libm.a(w_sqrt.o)
 .ARM.attributes
                0x000006f9       0x33 C:/Freescale/CW MCU v10.6/MCU/ARM_GCC_Support/ewl/lib/armv7e-m\libm.a(e_pow.o)
 .ARM.attributes
                0x0000072c       0x33 C:/Freescale/CW MCU v10.6/MCU/ARM_GCC_Support/ewl/lib/armv7e-m\libm.a(e_sqrt.o)
 .ARM.attributes
                0x0000075f       0x33 C:/Freescale/CW MCU v10.6/MCU/ARM_GCC_Support/ewl/lib/armv7e-m\libm.a(float.o)
 .ARM.attributes
                0x00000792       0x33 C:/Freescale/CW MCU v10.6/MCU/ARM_GCC_Support/ewl/lib/armv7e-m\libm.a(math_api.o)
 .ARM.attributes
                0x000007c5       0x33 C:/Freescale/CW MCU v10.6/MCU/ARM_GCC_Support/ewl/lib/armv7e-m\libm.a(scalbn.o)
 .ARM.attributes
                0x000007f8       0x33 C:/Freescale/CW MCU v10.6/MCU/ARM_GCC_Support/ewl/lib/armv7e-m\libm.a(s_frexp.o)
 .ARM.attributes
                0x0000082b       0x33 C:/Freescale/CW MCU v10.6/MCU/ARM_GCC_Support/ewl/lib/armv7e-m\libm.a(s_ldexp.o)
 .ARM.attributes
                0x0000085e       0x1e c:/freescale/cw mcu v10.6/cross_tools/arm-none-eabi-gcc-4_7_3/bin/../lib/gcc/arm-none-eabi/4.7.3/armv7e-m\libgcc.a(_arm_addsubdf3.o)
 .ARM.attributes
                0x0000087c       0x1e c:/freescale/cw mcu v10.6/cross_tools/arm-none-eabi-gcc-4_7_3/bin/../lib/gcc/arm-none-eabi/4.7.3/armv7e-m\libgcc.a(_arm_muldivdf3.o)
 .ARM.attributes
                0x0000089a       0x1e c:/freescale/cw mcu v10.6/cross_tools/arm-none-eabi-gcc-4_7_3/bin/../lib/gcc/arm-none-eabi/4.7.3/armv7e-m\libgcc.a(_arm_cmpdf2.o)
 .ARM.attributes
                0x000008b8       0x1e c:/freescale/cw mcu v10.6/cross_tools/arm-none-eabi-gcc-4_7_3/bin/../lib/gcc/arm-none-eabi/4.7.3/armv7e-m\libgcc.a(_arm_truncdfsf2.o)
 .ARM.attributes
                0x000008d6       0x1e c:/freescale/cw mcu v10.6/cross_tools/arm-none-eabi-gcc-4_7_3/bin/../lib/gcc/arm-none-eabi/4.7.3/armv7e-m\libgcc.a(_arm_addsubsf3.o)
 .ARM.attributes
                0x000008f4       0x1e c:/freescale/cw mcu v10.6/cross_tools/arm-none-eabi-gcc-4_7_3/bin/../lib/gcc/arm-none-eabi/4.7.3/armv7e-m\libgcc.a(_arm_muldivsf3.o)
 .ARM.attributes
                0x00000912       0x1e c:/freescale/cw mcu v10.6/cross_tools/arm-none-eabi-gcc-4_7_3/bin/../lib/gcc/arm-none-eabi/4.7.3/armv7e-m\libgcc.a(_arm_fixsfsi.o)
 .ARM.attributes
                0x00000930       0x1e c:/freescale/cw mcu v10.6/cross_tools/arm-none-eabi-gcc-4_7_3/bin/../lib/gcc/arm-none-eabi/4.7.3/armv7e-m\libgcc.a(_arm_fixunssfsi.o)
 .ARM.attributes
                0x0000094e       0x33 C:/Freescale/CW MCU v10.6/MCU/ARM_GCC_Support/ewl/lib/armv7e-m\librt.a(gcc_ctor_dtor.o)
 .ARM.attributes
                0x00000981       0x33 C:/Freescale/CW MCU v10.6/MCU/ARM_GCC_Support/ewl/lib/armv7e-m\librt.a(ROMCopy.o)
 .ARM.attributes
                0x000009b4       0x33 C:/Freescale/CW MCU v10.6/MCU/ARM_GCC_Support/ewl/lib/armv7e-m\librt.a(__arm_eabi_init.o)
 .ARM.attributes
                0x000009e7       0x33 C:/Freescale/CW MCU v10.6/MCU/ARM_GCC_Support/ewl/lib/armv7e-m\libc.a(errno.o)
OUTPUT(quadcopterv2.0.elf elf32-littlearm)

.debug_info     0x00000000    0x1041c
 .debug_info    0x00000000      0x357 ./Project_Settings/Startup_Code/kinetis_sysinit.o
 .debug_info    0x00000357      0x12a ./Project_Settings/Startup_Code/__arm_start.o
 .debug_info    0x00000481       0x54 ./Project_Settings/Startup_Code/__arm_end.o
 .debug_info    0x000004d5     0x1c0c ./Sources/ff10b/src/ff.o
 .debug_info    0x000020e1      0xb1b ./Sources/ff10b/src/diskio.o
 .debug_info    0x00002bfc      0x17c ./Sources/processor_specific_functions/K40/sys/systick.o
 .debug_info    0x00002d78      0x455 ./Sources/processor_specific_functions/K40/sys/arm_cm4.o
 .debug_info    0x000031cd      0xddd ./Sources/processor_specific_functions/K40/misc.o
 .debug_info    0x00003faa     0x11a4 ./Sources/processor_specific_functions/K40/i2c.o
 .debug_info    0x0000514e      0x872 ./Sources/processor_specific_functions/K40/SPI.o
 .debug_info    0x000059c0      0xd08 ./Sources/processor_specific_functions/K40/PWM.o
 .debug_info    0x000066c8     0x1071 ./Sources/processor_specific_functions/K40/ADC.o
 .debug_info    0x00007739     0x1102 ./Sources/main.o
 .debug_info    0x0000883b      0xb6b ./Sources/init.o
 .debug_info    0x000093a6      0xdc8 ./Sources/SDcard.o
 .debug_info    0x0000a16e      0xa86 ./Sources/Motor.o
 .debug_info    0x0000abf4      0xaff ./Sources/MPU6050.o
 .debug_info    0x0000b6f3     0x1700 ./Sources/Interrupts.o
 .debug_info    0x0000cdf3      0x136 C:/Freescale/CW MCU v10.6/MCU/ARM_GCC_Support/ewl/lib/armv7e-m\libc.a(snprintf.o)
 .debug_info    0x0000cf29      0x11e C:/Freescale/CW MCU v10.6/MCU/ARM_GCC_Support/ewl/lib/armv7e-m\libc.a(sprintf.o)
 .debug_info    0x0000d047      0x205 C:/Freescale/CW MCU v10.6/MCU/ARM_GCC_Support/ewl/lib/armv7e-m\libc.a(vsnprintf.o)
 .debug_info    0x0000d24c       0xe8 C:/Freescale/CW MCU v10.6/MCU/ARM_GCC_Support/ewl/lib/armv7e-m\libc.a(exit.o)
 .debug_info    0x0000d334      0x10f C:/Freescale/CW MCU v10.6/MCU/ARM_GCC_Support/ewl/lib/armv7e-m\libc.a(memcpy.o)
 .debug_info    0x0000d443       0xec C:/Freescale/CW MCU v10.6/MCU/ARM_GCC_Support/ewl/lib/armv7e-m\libc.a(memset.o)
 .debug_info    0x0000d52f       0xeb C:/Freescale/CW MCU v10.6/MCU/ARM_GCC_Support/ewl/lib/armv7e-m\libc.a(strlen.o)
 .debug_info    0x0000d61a      0x50e C:/Freescale/CW MCU v10.6/MCU/ARM_GCC_Support/ewl/lib/armv7e-m\libc.a(printformat_.o)
 .debug_info    0x0000db28      0x565 C:/Freescale/CW MCU v10.6/MCU/ARM_GCC_Support/ewl/lib/armv7e-m\libc.a(scanformat_.o)
 .debug_info    0x0000e08d      0x306 C:/Freescale/CW MCU v10.6/MCU/ARM_GCC_Support/ewl/lib/armv7e-m\libc.a(ctype_aeabi.o)
 .debug_info    0x0000e393      0x1d6 C:/Freescale/CW MCU v10.6/MCU/ARM_GCC_Support/ewl/lib/armv7e-m\libc.a(__strtoul.o)
 .debug_info    0x0000e569      0x135 C:/Freescale/CW MCU v10.6/MCU/ARM_GCC_Support/ewl/lib/armv7e-m\libc.a(__filll_mem.o)
 .debug_info    0x0000e69e      0x120 C:/Freescale/CW MCU v10.6/MCU/ARM_GCC_Support/ewl/lib/armv7e-m\libc.a(memchr.o)
 .debug_info    0x0000e7be      0x108 C:/Freescale/CW MCU v10.6/MCU/ARM_GCC_Support/ewl/lib/armv7e-m\libc.a(strchr.o)
 .debug_info    0x0000e8c6      0x23a C:/Freescale/CW MCU v10.6/MCU/ARM_GCC_Support/ewl/lib/armv7e-m\libm.a(s_atan.o)
 .debug_info    0x0000eb00       0xbf C:/Freescale/CW MCU v10.6/MCU/ARM_GCC_Support/ewl/lib/armv7e-m\libm.a(w_pow.o)
 .debug_info    0x0000ebbf       0xb2 C:/Freescale/CW MCU v10.6/MCU/ARM_GCC_Support/ewl/lib/armv7e-m\libm.a(w_sqrt.o)
 .debug_info    0x0000ec71      0x5cb C:/Freescale/CW MCU v10.6/MCU/ARM_GCC_Support/ewl/lib/armv7e-m\libm.a(e_pow.o)
 .debug_info    0x0000f23c      0x266 C:/Freescale/CW MCU v10.6/MCU/ARM_GCC_Support/ewl/lib/armv7e-m\libm.a(e_sqrt.o)
 .debug_info    0x0000f4a2      0x1e4 C:/Freescale/CW MCU v10.6/MCU/ARM_GCC_Support/ewl/lib/armv7e-m\libm.a(float.o)
 .debug_info    0x0000f686      0x303 C:/Freescale/CW MCU v10.6/MCU/ARM_GCC_Support/ewl/lib/armv7e-m\libm.a(math_api.o)
 .debug_info    0x0000f989       0xee C:/Freescale/CW MCU v10.6/MCU/ARM_GCC_Support/ewl/lib/armv7e-m\libm.a(scalbn.o)
 .debug_info    0x0000fa77      0x1a1 C:/Freescale/CW MCU v10.6/MCU/ARM_GCC_Support/ewl/lib/armv7e-m\libm.a(s_frexp.o)
 .debug_info    0x0000fc18      0x1e2 C:/Freescale/CW MCU v10.6/MCU/ARM_GCC_Support/ewl/lib/armv7e-m\libm.a(s_ldexp.o)
 .debug_info    0x0000fdfa      0x136 C:/Freescale/CW MCU v10.6/MCU/ARM_GCC_Support/ewl/lib/armv7e-m\librt.a(gcc_ctor_dtor.o)
 .debug_info    0x0000ff30      0x19a C:/Freescale/CW MCU v10.6/MCU/ARM_GCC_Support/ewl/lib/armv7e-m\librt.a(ROMCopy.o)
 .debug_info    0x000100ca      0x2b5 C:/Freescale/CW MCU v10.6/MCU/ARM_GCC_Support/ewl/lib/armv7e-m\librt.a(__arm_eabi_init.o)
 .debug_info    0x0001037f       0x9d C:/Freescale/CW MCU v10.6/MCU/ARM_GCC_Support/ewl/lib/armv7e-m\libc.a(errno.o)

.debug_abbrev   0x00000000     0x2e72
 .debug_abbrev  0x00000000       0xf6 ./Project_Settings/Startup_Code/kinetis_sysinit.o
 .debug_abbrev  0x000000f6       0x92 ./Project_Settings/Startup_Code/__arm_start.o
 .debug_abbrev  0x00000188       0x4c ./Project_Settings/Startup_Code/__arm_end.o
 .debug_abbrev  0x000001d4      0x1c1 ./Sources/ff10b/src/ff.o
 .debug_abbrev  0x00000395      0x1e3 ./Sources/ff10b/src/diskio.o
 .debug_abbrev  0x00000578       0xf1 ./Sources/processor_specific_functions/K40/sys/systick.o
 .debug_abbrev  0x00000669      0x102 ./Sources/processor_specific_functions/K40/sys/arm_cm4.o
 .debug_abbrev  0x0000076b      0x136 ./Sources/processor_specific_functions/K40/misc.o
 .debug_abbrev  0x000008a1      0x1c9 ./Sources/processor_specific_functions/K40/i2c.o
 .debug_abbrev  0x00000a6a       0xee ./Sources/processor_specific_functions/K40/SPI.o
 .debug_abbrev  0x00000b58      0x123 ./Sources/processor_specific_functions/K40/PWM.o
 .debug_abbrev  0x00000c7b      0x1bf ./Sources/processor_specific_functions/K40/ADC.o
 .debug_abbrev  0x00000e3a      0x201 ./Sources/main.o
 .debug_abbrev  0x0000103b       0xdc ./Sources/init.o
 .debug_abbrev  0x00001117      0x242 ./Sources/SDcard.o
 .debug_abbrev  0x00001359      0x140 ./Sources/Motor.o
 .debug_abbrev  0x00001499      0x17c ./Sources/MPU6050.o
 .debug_abbrev  0x00001615      0x223 ./Sources/Interrupts.o
 .debug_abbrev  0x00001838       0xb1 C:/Freescale/CW MCU v10.6/MCU/ARM_GCC_Support/ewl/lib/armv7e-m\libc.a(snprintf.o)
 .debug_abbrev  0x000018e9       0xb1 C:/Freescale/CW MCU v10.6/MCU/ARM_GCC_Support/ewl/lib/armv7e-m\libc.a(sprintf.o)
 .debug_abbrev  0x0000199a       0xf0 C:/Freescale/CW MCU v10.6/MCU/ARM_GCC_Support/ewl/lib/armv7e-m\libc.a(vsnprintf.o)
 .debug_abbrev  0x00001a8a       0x7a C:/Freescale/CW MCU v10.6/MCU/ARM_GCC_Support/ewl/lib/armv7e-m\libc.a(exit.o)
 .debug_abbrev  0x00001b04       0x95 C:/Freescale/CW MCU v10.6/MCU/ARM_GCC_Support/ewl/lib/armv7e-m\libc.a(memcpy.o)
 .debug_abbrev  0x00001b99       0x62 C:/Freescale/CW MCU v10.6/MCU/ARM_GCC_Support/ewl/lib/armv7e-m\libc.a(memset.o)
 .debug_abbrev  0x00001bfb       0x7a C:/Freescale/CW MCU v10.6/MCU/ARM_GCC_Support/ewl/lib/armv7e-m\libc.a(strlen.o)
 .debug_abbrev  0x00001c75      0x200 C:/Freescale/CW MCU v10.6/MCU/ARM_GCC_Support/ewl/lib/armv7e-m\libc.a(printformat_.o)
 .debug_abbrev  0x00001e75      0x1f0 C:/Freescale/CW MCU v10.6/MCU/ARM_GCC_Support/ewl/lib/armv7e-m\libc.a(scanformat_.o)
 .debug_abbrev  0x00002065       0x85 C:/Freescale/CW MCU v10.6/MCU/ARM_GCC_Support/ewl/lib/armv7e-m\libc.a(ctype_aeabi.o)
 .debug_abbrev  0x000020ea       0xc2 C:/Freescale/CW MCU v10.6/MCU/ARM_GCC_Support/ewl/lib/armv7e-m\libc.a(__strtoul.o)
 .debug_abbrev  0x000021ac       0x87 C:/Freescale/CW MCU v10.6/MCU/ARM_GCC_Support/ewl/lib/armv7e-m\libc.a(__filll_mem.o)
 .debug_abbrev  0x00002233       0x95 C:/Freescale/CW MCU v10.6/MCU/ARM_GCC_Support/ewl/lib/armv7e-m\libc.a(memchr.o)
 .debug_abbrev  0x000022c8       0x89 C:/Freescale/CW MCU v10.6/MCU/ARM_GCC_Support/ewl/lib/armv7e-m\libc.a(strchr.o)
 .debug_abbrev  0x00002351       0xed C:/Freescale/CW MCU v10.6/MCU/ARM_GCC_Support/ewl/lib/armv7e-m\libm.a(s_atan.o)
 .debug_abbrev  0x0000243e       0x59 C:/Freescale/CW MCU v10.6/MCU/ARM_GCC_Support/ewl/lib/armv7e-m\libm.a(w_pow.o)
 .debug_abbrev  0x00002497       0x59 C:/Freescale/CW MCU v10.6/MCU/ARM_GCC_Support/ewl/lib/armv7e-m\libm.a(w_sqrt.o)
 .debug_abbrev  0x000024f0      0x148 C:/Freescale/CW MCU v10.6/MCU/ARM_GCC_Support/ewl/lib/armv7e-m\libm.a(e_pow.o)
 .debug_abbrev  0x00002638      0x10b C:/Freescale/CW MCU v10.6/MCU/ARM_GCC_Support/ewl/lib/armv7e-m\libm.a(e_sqrt.o)
 .debug_abbrev  0x00002743       0x56 C:/Freescale/CW MCU v10.6/MCU/ARM_GCC_Support/ewl/lib/armv7e-m\libm.a(float.o)
 .debug_abbrev  0x00002799       0xe8 C:/Freescale/CW MCU v10.6/MCU/ARM_GCC_Support/ewl/lib/armv7e-m\libm.a(math_api.o)
 .debug_abbrev  0x00002881       0x75 C:/Freescale/CW MCU v10.6/MCU/ARM_GCC_Support/ewl/lib/armv7e-m\libm.a(scalbn.o)
 .debug_abbrev  0x000028f6       0xce C:/Freescale/CW MCU v10.6/MCU/ARM_GCC_Support/ewl/lib/armv7e-m\libm.a(s_frexp.o)
 .debug_abbrev  0x000029c4       0xce C:/Freescale/CW MCU v10.6/MCU/ARM_GCC_Support/ewl/lib/armv7e-m\libm.a(s_ldexp.o)
 .debug_abbrev  0x00002a92       0x99 C:/Freescale/CW MCU v10.6/MCU/ARM_GCC_Support/ewl/lib/armv7e-m\librt.a(gcc_ctor_dtor.o)
 .debug_abbrev  0x00002b2b      0x137 C:/Freescale/CW MCU v10.6/MCU/ARM_GCC_Support/ewl/lib/armv7e-m\librt.a(ROMCopy.o)
 .debug_abbrev  0x00002c62      0x1cc C:/Freescale/CW MCU v10.6/MCU/ARM_GCC_Support/ewl/lib/armv7e-m\librt.a(__arm_eabi_init.o)
 .debug_abbrev  0x00002e2e       0x44 C:/Freescale/CW MCU v10.6/MCU/ARM_GCC_Support/ewl/lib/armv7e-m\libc.a(errno.o)

.debug_loc      0x00000000     0x5465
 .debug_loc     0x00000000       0x58 ./Project_Settings/Startup_Code/kinetis_sysinit.o
 .debug_loc     0x00000058       0x2c ./Project_Settings/Startup_Code/__arm_start.o
 .debug_loc     0x00000084       0x38 ./Project_Settings/Startup_Code/__arm_end.o
 .debug_loc     0x000000bc      0xb78 ./Sources/ff10b/src/ff.o
 .debug_loc     0x00000c34      0x1a8 ./Sources/ff10b/src/diskio.o
 .debug_loc     0x00000ddc       0xe8 ./Sources/processor_specific_functions/K40/sys/systick.o
 .debug_loc     0x00000ec4      0x138 ./Sources/processor_specific_functions/K40/sys/arm_cm4.o
 .debug_loc     0x00000ffc      0x18c ./Sources/processor_specific_functions/K40/misc.o
 .debug_loc     0x00001188      0x1b4 ./Sources/processor_specific_functions/K40/i2c.o
 .debug_loc     0x0000133c       0x64 ./Sources/processor_specific_functions/K40/SPI.o
 .debug_loc     0x000013a0       0x58 ./Sources/processor_specific_functions/K40/PWM.o
 .debug_loc     0x000013f8      0x1a8 ./Sources/processor_specific_functions/K40/ADC.o
 .debug_loc     0x000015a0      0x1ec ./Sources/main.o
 .debug_loc     0x0000178c       0x58 ./Sources/init.o
 .debug_loc     0x000017e4      0x380 ./Sources/SDcard.o
 .debug_loc     0x00001b64       0x70 ./Sources/Motor.o
 .debug_loc     0x00001bd4      0x300 ./Sources/MPU6050.o
 .debug_loc     0x00001ed4      0x202 ./Sources/Interrupts.o
 .debug_loc     0x000020d6       0x52 C:/Freescale/CW MCU v10.6/MCU/ARM_GCC_Support/ewl/lib/armv7e-m\libc.a(snprintf.o)
 .debug_loc     0x00002128       0x3f C:/Freescale/CW MCU v10.6/MCU/ARM_GCC_Support/ewl/lib/armv7e-m\libc.a(sprintf.o)
 .debug_loc     0x00002167      0x105 C:/Freescale/CW MCU v10.6/MCU/ARM_GCC_Support/ewl/lib/armv7e-m\libc.a(vsnprintf.o)
 .debug_loc     0x0000226c       0x3e C:/Freescale/CW MCU v10.6/MCU/ARM_GCC_Support/ewl/lib/armv7e-m\libc.a(exit.o)
 .debug_loc     0x000022aa       0x59 C:/Freescale/CW MCU v10.6/MCU/ARM_GCC_Support/ewl/lib/armv7e-m\libc.a(memcpy.o)
 .debug_loc     0x00002303       0x64 C:/Freescale/CW MCU v10.6/MCU/ARM_GCC_Support/ewl/lib/armv7e-m\libc.a(memset.o)
 .debug_loc     0x00002367       0x26 C:/Freescale/CW MCU v10.6/MCU/ARM_GCC_Support/ewl/lib/armv7e-m\libc.a(strlen.o)
 .debug_loc     0x0000238d      0xbdc C:/Freescale/CW MCU v10.6/MCU/ARM_GCC_Support/ewl/lib/armv7e-m\libc.a(printformat_.o)
 .debug_loc     0x00002f69      0x8b6 C:/Freescale/CW MCU v10.6/MCU/ARM_GCC_Support/ewl/lib/armv7e-m\libc.a(scanformat_.o)
 .debug_loc     0x0000381f      0x18e C:/Freescale/CW MCU v10.6/MCU/ARM_GCC_Support/ewl/lib/armv7e-m\libc.a(ctype_aeabi.o)
 .debug_loc     0x000039ad      0x2bb C:/Freescale/CW MCU v10.6/MCU/ARM_GCC_Support/ewl/lib/armv7e-m\libc.a(__strtoul.o)
 .debug_loc     0x00003c68      0x12c C:/Freescale/CW MCU v10.6/MCU/ARM_GCC_Support/ewl/lib/armv7e-m\libc.a(__filll_mem.o)
 .debug_loc     0x00003d94       0x62 C:/Freescale/CW MCU v10.6/MCU/ARM_GCC_Support/ewl/lib/armv7e-m\libc.a(memchr.o)
 .debug_loc     0x00003df6       0x7c C:/Freescale/CW MCU v10.6/MCU/ARM_GCC_Support/ewl/lib/armv7e-m\libc.a(strchr.o)
 .debug_loc     0x00003e72      0x2cd C:/Freescale/CW MCU v10.6/MCU/ARM_GCC_Support/ewl/lib/armv7e-m\libm.a(s_atan.o)
 .debug_loc     0x0000413f       0x30 C:/Freescale/CW MCU v10.6/MCU/ARM_GCC_Support/ewl/lib/armv7e-m\libm.a(w_pow.o)
 .debug_loc     0x0000416f       0x18 C:/Freescale/CW MCU v10.6/MCU/ARM_GCC_Support/ewl/lib/armv7e-m\libm.a(w_sqrt.o)
 .debug_loc     0x00004187      0x940 C:/Freescale/CW MCU v10.6/MCU/ARM_GCC_Support/ewl/lib/armv7e-m\libm.a(e_pow.o)
 .debug_loc     0x00004ac7      0x247 C:/Freescale/CW MCU v10.6/MCU/ARM_GCC_Support/ewl/lib/armv7e-m\libm.a(e_sqrt.o)
 .debug_loc     0x00004d0e      0x282 C:/Freescale/CW MCU v10.6/MCU/ARM_GCC_Support/ewl/lib/armv7e-m\libm.a(math_api.o)
 .debug_loc     0x00004f90       0x56 C:/Freescale/CW MCU v10.6/MCU/ARM_GCC_Support/ewl/lib/armv7e-m\libm.a(scalbn.o)
 .debug_loc     0x00004fe6       0xb6 C:/Freescale/CW MCU v10.6/MCU/ARM_GCC_Support/ewl/lib/armv7e-m\libm.a(s_frexp.o)
 .debug_loc     0x0000509c      0x12f C:/Freescale/CW MCU v10.6/MCU/ARM_GCC_Support/ewl/lib/armv7e-m\libm.a(s_ldexp.o)
 .debug_loc     0x000051cb       0x9d C:/Freescale/CW MCU v10.6/MCU/ARM_GCC_Support/ewl/lib/armv7e-m\librt.a(gcc_ctor_dtor.o)
 .debug_loc     0x00005268       0xb9 C:/Freescale/CW MCU v10.6/MCU/ARM_GCC_Support/ewl/lib/armv7e-m\librt.a(ROMCopy.o)
 .debug_loc     0x00005321      0x144 C:/Freescale/CW MCU v10.6/MCU/ARM_GCC_Support/ewl/lib/armv7e-m\librt.a(__arm_eabi_init.o)

.debug_aranges  0x00000000      0xb28
 .debug_aranges
                0x00000000       0x28 ./Project_Settings/Startup_Code/kinetis_sysinit.o
 .debug_aranges
                0x00000028       0x30 ./Project_Settings/Startup_Code/__arm_start.o
 .debug_aranges
                0x00000058       0x20 ./Project_Settings/Startup_Code/__arm_end.o
 .debug_aranges
                0x00000078      0x1b8 ./Sources/ff10b/src/ff.o
 .debug_aranges
                0x00000230       0x58 ./Sources/ff10b/src/diskio.o
 .debug_aranges
                0x00000288       0x40 ./Sources/processor_specific_functions/K40/sys/systick.o
 .debug_aranges
                0x000002c8       0x48 ./Sources/processor_specific_functions/K40/sys/arm_cm4.o
 .debug_aranges
                0x00000310       0x60 ./Sources/processor_specific_functions/K40/misc.o
 .debug_aranges
                0x00000370       0x58 ./Sources/processor_specific_functions/K40/i2c.o
 .debug_aranges
                0x000003c8       0x28 ./Sources/processor_specific_functions/K40/SPI.o
 .debug_aranges
                0x000003f0       0x28 ./Sources/processor_specific_functions/K40/PWM.o
 .debug_aranges
                0x00000418       0x58 ./Sources/processor_specific_functions/K40/ADC.o
 .debug_aranges
                0x00000470       0x60 ./Sources/main.o
 .debug_aranges
                0x000004d0       0x28 ./Sources/init.o
 .debug_aranges
                0x000004f8       0x98 ./Sources/SDcard.o
 .debug_aranges
                0x00000590       0x28 ./Sources/Motor.o
 .debug_aranges
                0x000005b8       0x90 ./Sources/MPU6050.o
 .debug_aranges
                0x00000648       0x68 ./Sources/Interrupts.o
 .debug_aranges
                0x000006b0       0x20 C:/Freescale/CW MCU v10.6/MCU/ARM_GCC_Support/ewl/lib/armv7e-m\libc.a(snprintf.o)
 .debug_aranges
                0x000006d0       0x20 C:/Freescale/CW MCU v10.6/MCU/ARM_GCC_Support/ewl/lib/armv7e-m\libc.a(sprintf.o)
 .debug_aranges
                0x000006f0       0x28 C:/Freescale/CW MCU v10.6/MCU/ARM_GCC_Support/ewl/lib/armv7e-m\libc.a(vsnprintf.o)
 .debug_aranges
                0x00000718       0x20 C:/Freescale/CW MCU v10.6/MCU/ARM_GCC_Support/ewl/lib/armv7e-m\libc.a(exit.o)
 .debug_aranges
                0x00000738       0x20 C:/Freescale/CW MCU v10.6/MCU/ARM_GCC_Support/ewl/lib/armv7e-m\libc.a(memcpy.o)
 .debug_aranges
                0x00000758       0x20 C:/Freescale/CW MCU v10.6/MCU/ARM_GCC_Support/ewl/lib/armv7e-m\libc.a(memset.o)
 .debug_aranges
                0x00000778       0x20 C:/Freescale/CW MCU v10.6/MCU/ARM_GCC_Support/ewl/lib/armv7e-m\libc.a(strlen.o)
 .debug_aranges
                0x00000798       0x28 C:/Freescale/CW MCU v10.6/MCU/ARM_GCC_Support/ewl/lib/armv7e-m\libc.a(printformat_.o)
 .debug_aranges
                0x000007c0       0x20 C:/Freescale/CW MCU v10.6/MCU/ARM_GCC_Support/ewl/lib/armv7e-m\libc.a(scanformat_.o)
 .debug_aranges
                0x000007e0       0x88 C:/Freescale/CW MCU v10.6/MCU/ARM_GCC_Support/ewl/lib/armv7e-m\libc.a(ctype_aeabi.o)
 .debug_aranges
                0x00000868       0x20 C:/Freescale/CW MCU v10.6/MCU/ARM_GCC_Support/ewl/lib/armv7e-m\libc.a(__strtoul.o)
 .debug_aranges
                0x00000888       0x20 C:/Freescale/CW MCU v10.6/MCU/ARM_GCC_Support/ewl/lib/armv7e-m\libc.a(__filll_mem.o)
 .debug_aranges
                0x000008a8       0x20 C:/Freescale/CW MCU v10.6/MCU/ARM_GCC_Support/ewl/lib/armv7e-m\libc.a(memchr.o)
 .debug_aranges
                0x000008c8       0x20 C:/Freescale/CW MCU v10.6/MCU/ARM_GCC_Support/ewl/lib/armv7e-m\libc.a(strchr.o)
 .debug_aranges
                0x000008e8       0x20 C:/Freescale/CW MCU v10.6/MCU/ARM_GCC_Support/ewl/lib/armv7e-m\libm.a(s_atan.o)
 .debug_aranges
                0x00000908       0x20 C:/Freescale/CW MCU v10.6/MCU/ARM_GCC_Support/ewl/lib/armv7e-m\libm.a(w_pow.o)
 .debug_aranges
                0x00000928       0x20 C:/Freescale/CW MCU v10.6/MCU/ARM_GCC_Support/ewl/lib/armv7e-m\libm.a(w_sqrt.o)
 .debug_aranges
                0x00000948       0x20 C:/Freescale/CW MCU v10.6/MCU/ARM_GCC_Support/ewl/lib/armv7e-m\libm.a(e_pow.o)
 .debug_aranges
                0x00000968       0x20 C:/Freescale/CW MCU v10.6/MCU/ARM_GCC_Support/ewl/lib/armv7e-m\libm.a(e_sqrt.o)
 .debug_aranges
                0x00000988       0x18 C:/Freescale/CW MCU v10.6/MCU/ARM_GCC_Support/ewl/lib/armv7e-m\libm.a(float.o)
 .debug_aranges
                0x000009a0       0x60 C:/Freescale/CW MCU v10.6/MCU/ARM_GCC_Support/ewl/lib/armv7e-m\libm.a(math_api.o)
 .debug_aranges
                0x00000a00       0x20 C:/Freescale/CW MCU v10.6/MCU/ARM_GCC_Support/ewl/lib/armv7e-m\libm.a(scalbn.o)
 .debug_aranges
                0x00000a20       0x20 C:/Freescale/CW MCU v10.6/MCU/ARM_GCC_Support/ewl/lib/armv7e-m\libm.a(s_frexp.o)
 .debug_aranges
                0x00000a40       0x20 C:/Freescale/CW MCU v10.6/MCU/ARM_GCC_Support/ewl/lib/armv7e-m\libm.a(s_ldexp.o)
 .debug_aranges
                0x00000a60       0x28 C:/Freescale/CW MCU v10.6/MCU/ARM_GCC_Support/ewl/lib/armv7e-m\librt.a(gcc_ctor_dtor.o)
 .debug_aranges
                0x00000a88       0x30 C:/Freescale/CW MCU v10.6/MCU/ARM_GCC_Support/ewl/lib/armv7e-m\librt.a(ROMCopy.o)
 .debug_aranges
                0x00000ab8       0x58 C:/Freescale/CW MCU v10.6/MCU/ARM_GCC_Support/ewl/lib/armv7e-m\librt.a(__arm_eabi_init.o)
 .debug_aranges
                0x00000b10       0x18 C:/Freescale/CW MCU v10.6/MCU/ARM_GCC_Support/ewl/lib/armv7e-m\libc.a(errno.o)

.debug_macinfo  0x00000000   0x5ac01f
 .debug_macinfo
                0x00000000    0x5c418 ./Project_Settings/Startup_Code/kinetis_sysinit.o
 .debug_macinfo
                0x0005c418     0x3f3e ./Project_Settings/Startup_Code/__arm_start.o
 .debug_macinfo
                0x00060356     0x3527 ./Project_Settings/Startup_Code/__arm_end.o
 .debug_macinfo
                0x0006387d     0x42f2 ./Sources/ff10b/src/ff.o
 .debug_macinfo
                0x00067b6f    0x60fa4 ./Sources/ff10b/src/diskio.o
 .debug_macinfo
                0x000c8b13    0x5c4bc ./Sources/processor_specific_functions/K40/sys/systick.o
 .debug_macinfo
                0x00124fcf    0x5c3ff ./Sources/processor_specific_functions/K40/sys/arm_cm4.o
 .debug_macinfo
                0x001813ce    0x60fde ./Sources/processor_specific_functions/K40/misc.o
 .debug_macinfo
                0x001e23ac    0x60f84 ./Sources/processor_specific_functions/K40/i2c.o
 .debug_macinfo
                0x00243330    0x60f84 ./Sources/processor_specific_functions/K40/SPI.o
 .debug_macinfo
                0x002a42b4    0x60f84 ./Sources/processor_specific_functions/K40/PWM.o
 .debug_macinfo
                0x00305238    0x60f84 ./Sources/processor_specific_functions/K40/ADC.o
 .debug_macinfo
                0x003661bc    0x60f88 ./Sources/main.o
 .debug_macinfo
                0x003c7144    0x60f84 ./Sources/init.o
 .debug_macinfo
                0x004280c8    0x60fd5 ./Sources/SDcard.o
 .debug_macinfo
                0x0048909d    0x60f84 ./Sources/Motor.o
 .debug_macinfo
                0x004ea021    0x60f84 ./Sources/MPU6050.o
 .debug_macinfo
                0x0054afa5    0x6107a ./Sources/Interrupts.o

.debug_line     0x00000000     0x7af0
 .debug_line    0x00000000      0x238 ./Project_Settings/Startup_Code/kinetis_sysinit.o
 .debug_line    0x00000238      0x295 ./Project_Settings/Startup_Code/__arm_start.o
 .debug_line    0x000004cd      0x266 ./Project_Settings/Startup_Code/__arm_end.o
 .debug_line    0x00000733      0xc03 ./Sources/ff10b/src/ff.o
 .debug_line    0x00001336      0x624 ./Sources/ff10b/src/diskio.o
 .debug_line    0x0000195a      0x278 ./Sources/processor_specific_functions/K40/sys/systick.o
 .debug_line    0x00001bd2      0x29f ./Sources/processor_specific_functions/K40/sys/arm_cm4.o
 .debug_line    0x00001e71      0x5e1 ./Sources/processor_specific_functions/K40/misc.o
 .debug_line    0x00002452      0x669 ./Sources/processor_specific_functions/K40/i2c.o
 .debug_line    0x00002abb      0x53d ./Sources/processor_specific_functions/K40/SPI.o
 .debug_line    0x00002ff8      0x557 ./Sources/processor_specific_functions/K40/PWM.o
 .debug_line    0x0000354f      0x60f ./Sources/processor_specific_functions/K40/ADC.o
 .debug_line    0x00003b5e      0x607 ./Sources/main.o
 .debug_line    0x00004165      0x52a ./Sources/init.o
 .debug_line    0x0000468f      0x713 ./Sources/SDcard.o
 .debug_line    0x00004da2      0x539 ./Sources/Motor.o
 .debug_line    0x000052db      0x6e8 ./Sources/MPU6050.o
 .debug_line    0x000059c3      0x793 ./Sources/Interrupts.o
 .debug_line    0x00006156       0x9f C:/Freescale/CW MCU v10.6/MCU/ARM_GCC_Support/ewl/lib/armv7e-m\libc.a(snprintf.o)
 .debug_line    0x000061f5       0x94 C:/Freescale/CW MCU v10.6/MCU/ARM_GCC_Support/ewl/lib/armv7e-m\libc.a(sprintf.o)
 .debug_line    0x00006289       0xd1 C:/Freescale/CW MCU v10.6/MCU/ARM_GCC_Support/ewl/lib/armv7e-m\libc.a(vsnprintf.o)
 .debug_line    0x0000635a       0x94 C:/Freescale/CW MCU v10.6/MCU/ARM_GCC_Support/ewl/lib/armv7e-m\libc.a(exit.o)
 .debug_line    0x000063ee       0x8b C:/Freescale/CW MCU v10.6/MCU/ARM_GCC_Support/ewl/lib/armv7e-m\libc.a(memcpy.o)
 .debug_line    0x00006479       0x8f C:/Freescale/CW MCU v10.6/MCU/ARM_GCC_Support/ewl/lib/armv7e-m\libc.a(memset.o)
 .debug_line    0x00006508       0x83 C:/Freescale/CW MCU v10.6/MCU/ARM_GCC_Support/ewl/lib/armv7e-m\libc.a(strlen.o)
 .debug_line    0x0000658b      0x2b4 C:/Freescale/CW MCU v10.6/MCU/ARM_GCC_Support/ewl/lib/armv7e-m\libc.a(printformat_.o)
 .debug_line    0x0000683f      0x2df C:/Freescale/CW MCU v10.6/MCU/ARM_GCC_Support/ewl/lib/armv7e-m\libc.a(scanformat_.o)
 .debug_line    0x00006b1e      0x1a9 C:/Freescale/CW MCU v10.6/MCU/ARM_GCC_Support/ewl/lib/armv7e-m\libc.a(ctype_aeabi.o)
 .debug_line    0x00006cc7      0x11b C:/Freescale/CW MCU v10.6/MCU/ARM_GCC_Support/ewl/lib/armv7e-m\libc.a(__strtoul.o)
 .debug_line    0x00006de2       0xcd C:/Freescale/CW MCU v10.6/MCU/ARM_GCC_Support/ewl/lib/armv7e-m\libc.a(__filll_mem.o)
 .debug_line    0x00006eaf       0x9f C:/Freescale/CW MCU v10.6/MCU/ARM_GCC_Support/ewl/lib/armv7e-m\libc.a(memchr.o)
 .debug_line    0x00006f4e       0x7d C:/Freescale/CW MCU v10.6/MCU/ARM_GCC_Support/ewl/lib/armv7e-m\libc.a(strchr.o)
 .debug_line    0x00006fcb       0xec C:/Freescale/CW MCU v10.6/MCU/ARM_GCC_Support/ewl/lib/armv7e-m\libm.a(s_atan.o)
 .debug_line    0x000070b7       0x75 C:/Freescale/CW MCU v10.6/MCU/ARM_GCC_Support/ewl/lib/armv7e-m\libm.a(w_pow.o)
 .debug_line    0x0000712c       0x76 C:/Freescale/CW MCU v10.6/MCU/ARM_GCC_Support/ewl/lib/armv7e-m\libm.a(w_sqrt.o)
 .debug_line    0x000071a2      0x202 C:/Freescale/CW MCU v10.6/MCU/ARM_GCC_Support/ewl/lib/armv7e-m\libm.a(e_pow.o)
 .debug_line    0x000073a4      0x11e C:/Freescale/CW MCU v10.6/MCU/ARM_GCC_Support/ewl/lib/armv7e-m\libm.a(e_sqrt.o)
 .debug_line    0x000074c2       0x60 C:/Freescale/CW MCU v10.6/MCU/ARM_GCC_Support/ewl/lib/armv7e-m\libm.a(float.o)
 .debug_line    0x00007522      0x16c C:/Freescale/CW MCU v10.6/MCU/ARM_GCC_Support/ewl/lib/armv7e-m\libm.a(math_api.o)
 .debug_line    0x0000768e       0x75 C:/Freescale/CW MCU v10.6/MCU/ARM_GCC_Support/ewl/lib/armv7e-m\libm.a(scalbn.o)
 .debug_line    0x00007703       0xbb C:/Freescale/CW MCU v10.6/MCU/ARM_GCC_Support/ewl/lib/armv7e-m\libm.a(s_frexp.o)
 .debug_line    0x000077be       0xc4 C:/Freescale/CW MCU v10.6/MCU/ARM_GCC_Support/ewl/lib/armv7e-m\libm.a(s_ldexp.o)
 .debug_line    0x00007882       0x67 C:/Freescale/CW MCU v10.6/MCU/ARM_GCC_Support/ewl/lib/armv7e-m\librt.a(gcc_ctor_dtor.o)
 .debug_line    0x000078e9       0xa9 C:/Freescale/CW MCU v10.6/MCU/ARM_GCC_Support/ewl/lib/armv7e-m\librt.a(ROMCopy.o)
 .debug_line    0x00007992      0x111 C:/Freescale/CW MCU v10.6/MCU/ARM_GCC_Support/ewl/lib/armv7e-m\librt.a(__arm_eabi_init.o)
 .debug_line    0x00007aa3       0x4d C:/Freescale/CW MCU v10.6/MCU/ARM_GCC_Support/ewl/lib/armv7e-m\libc.a(errno.o)

.debug_str      0x00000000     0x2c5d
 .debug_str     0x00000000      0x258 ./Project_Settings/Startup_Code/kinetis_sysinit.o
                                0x27f (size before relaxing)
 .debug_str     0x00000258       0x85 ./Project_Settings/Startup_Code/__arm_start.o
                                0x191 (size before relaxing)
 .debug_str     0x000002dd       0x3a ./Project_Settings/Startup_Code/__arm_end.o
                                 0xc8 (size before relaxing)
 .debug_str     0x00000317      0x4f5 ./Sources/ff10b/src/ff.o
                                0x620 (size before relaxing)
 .debug_str     0x0000080c      0x3a6 ./Sources/ff10b/src/diskio.o
                                0x5e9 (size before relaxing)
 .debug_str     0x00000bb2       0xb5 ./Sources/processor_specific_functions/K40/sys/systick.o
                                0x1bd (size before relaxing)
 .debug_str     0x00000c67       0xea ./Sources/processor_specific_functions/K40/sys/arm_cm4.o
                                0x281 (size before relaxing)
 .debug_str     0x00000d51      0x1ad ./Sources/processor_specific_functions/K40/misc.o
                                0x6f6 (size before relaxing)
 .debug_str     0x00000efe      0x258 ./Sources/processor_specific_functions/K40/i2c.o
                                0x873 (size before relaxing)
 .debug_str     0x00001156       0x4c ./Sources/processor_specific_functions/K40/SPI.o
                                0x521 (size before relaxing)
 .debug_str     0x000011a2       0xe7 ./Sources/processor_specific_functions/K40/PWM.o
                                0x6d9 (size before relaxing)
 .debug_str     0x00001289      0x197 ./Sources/processor_specific_functions/K40/ADC.o
                                0x79b (size before relaxing)
 .debug_str     0x00001420      0x155 ./Sources/main.o
                                0x878 (size before relaxing)
 .debug_str     0x00001575      0x649 ./Sources/init.o
                                0xb1e (size before relaxing)
 .debug_str     0x00001bbe      0x101 ./Sources/SDcard.o
                                0x788 (size before relaxing)
 .debug_str     0x00001cbf       0x54 ./Sources/Motor.o
                                0x5db (size before relaxing)
 .debug_str     0x00001d13      0x169 ./Sources/MPU6050.o
                                0x672 (size before relaxing)
 .debug_str     0x00001e7c      0x19c ./Sources/Interrupts.o
                                0xeb0 (size before relaxing)
 .debug_str     0x00002018       0x3b C:/Freescale/CW MCU v10.6/MCU/ARM_GCC_Support/ewl/lib/armv7e-m\libc.a(snprintf.o)
                                0x16c (size before relaxing)
 .debug_str     0x00002053       0x1c C:/Freescale/CW MCU v10.6/MCU/ARM_GCC_Support/ewl/lib/armv7e-m\libc.a(sprintf.o)
                                0x163 (size before relaxing)
 .debug_str     0x0000206f       0x83 C:/Freescale/CW MCU v10.6/MCU/ARM_GCC_Support/ewl/lib/armv7e-m\libc.a(vsnprintf.o)
                                0x1cc (size before relaxing)
 .debug_str     0x000020f2       0x2e C:/Freescale/CW MCU v10.6/MCU/ARM_GCC_Support/ewl/lib/armv7e-m\libc.a(exit.o)
                                0x157 (size before relaxing)
 .debug_str     0x00002120       0x1c C:/Freescale/CW MCU v10.6/MCU/ARM_GCC_Support/ewl/lib/armv7e-m\libc.a(memcpy.o)
                                0x138 (size before relaxing)
 .debug_str     0x0000213c       0x1c C:/Freescale/CW MCU v10.6/MCU/ARM_GCC_Support/ewl/lib/armv7e-m\libc.a(memset.o)
                                0x140 (size before relaxing)
 .debug_str     0x00002158       0x24 C:/Freescale/CW MCU v10.6/MCU/ARM_GCC_Support/ewl/lib/armv7e-m\libc.a(strlen.o)
                                0x140 (size before relaxing)
 .debug_str     0x0000217c      0x21a C:/Freescale/CW MCU v10.6/MCU/ARM_GCC_Support/ewl/lib/armv7e-m\libc.a(printformat_.o)
                                0x3b3 (size before relaxing)
 .debug_str     0x00002396      0x184 C:/Freescale/CW MCU v10.6/MCU/ARM_GCC_Support/ewl/lib/armv7e-m\libc.a(scanformat_.o)
                                0x3f9 (size before relaxing)
 .debug_str     0x0000251a       0x9d C:/Freescale/CW MCU v10.6/MCU/ARM_GCC_Support/ewl/lib/armv7e-m\libc.a(ctype_aeabi.o)
                                0x1bc (size before relaxing)
 .debug_str     0x000025b7       0x55 C:/Freescale/CW MCU v10.6/MCU/ARM_GCC_Support/ewl/lib/armv7e-m\libc.a(__strtoul.o)
                                0x1fb (size before relaxing)
 .debug_str     0x0000260c       0x25 C:/Freescale/CW MCU v10.6/MCU/ARM_GCC_Support/ewl/lib/armv7e-m\libc.a(__filll_mem.o)
                                0x152 (size before relaxing)
 .debug_str     0x00002631       0x1c C:/Freescale/CW MCU v10.6/MCU/ARM_GCC_Support/ewl/lib/armv7e-m\libc.a(memchr.o)
                                0x148 (size before relaxing)
 .debug_str     0x0000264d       0x1c C:/Freescale/CW MCU v10.6/MCU/ARM_GCC_Support/ewl/lib/armv7e-m\libc.a(strchr.o)
                                0x137 (size before relaxing)
 .debug_str     0x00002669       0x39 C:/Freescale/CW MCU v10.6/MCU/ARM_GCC_Support/ewl/lib/armv7e-m\libm.a(s_atan.o)
                                0x161 (size before relaxing)
 .debug_str     0x000026a2       0x11 C:/Freescale/CW MCU v10.6/MCU/ARM_GCC_Support/ewl/lib/armv7e-m\libm.a(w_pow.o)
                                0x125 (size before relaxing)
 .debug_str     0x000026b3       0x12 C:/Freescale/CW MCU v10.6/MCU/ARM_GCC_Support/ewl/lib/armv7e-m\libm.a(w_sqrt.o)
                                0x12b (size before relaxing)
 .debug_str     0x000026c5       0x7f C:/Freescale/CW MCU v10.6/MCU/ARM_GCC_Support/ewl/lib/armv7e-m\libm.a(e_pow.o)
                                0x1cd (size before relaxing)
 .debug_str     0x00002744       0x21 C:/Freescale/CW MCU v10.6/MCU/ARM_GCC_Support/ewl/lib/armv7e-m\libm.a(e_sqrt.o)
                                0x17e (size before relaxing)
 .debug_str     0x00002765       0xf9 C:/Freescale/CW MCU v10.6/MCU/ARM_GCC_Support/ewl/lib/armv7e-m\libm.a(float.o)
                                0x225 (size before relaxing)
 .debug_str     0x0000285e       0xd7 C:/Freescale/CW MCU v10.6/MCU/ARM_GCC_Support/ewl/lib/armv7e-m\libm.a(math_api.o)
                                0x228 (size before relaxing)
 .debug_str     0x00002935       0x1e C:/Freescale/CW MCU v10.6/MCU/ARM_GCC_Support/ewl/lib/armv7e-m\libm.a(scalbn.o)
                                0x13f (size before relaxing)
 .debug_str     0x00002953       0x24 C:/Freescale/CW MCU v10.6/MCU/ARM_GCC_Support/ewl/lib/armv7e-m\libm.a(s_frexp.o)
                                0x15d (size before relaxing)
 .debug_str     0x00002977       0x20 C:/Freescale/CW MCU v10.6/MCU/ARM_GCC_Support/ewl/lib/armv7e-m\libm.a(s_ldexp.o)
                                0x164 (size before relaxing)
 .debug_str     0x00002997      0x126 C:/Freescale/CW MCU v10.6/MCU/ARM_GCC_Support/ewl/lib/armv7e-m\librt.a(gcc_ctor_dtor.o)
                                0x181 (size before relaxing)
 .debug_str     0x00002abd       0x9b C:/Freescale/CW MCU v10.6/MCU/ARM_GCC_Support/ewl/lib/armv7e-m\librt.a(ROMCopy.o)
                                0x13c (size before relaxing)
 .debug_str     0x00002b58       0xf3 C:/Freescale/CW MCU v10.6/MCU/ARM_GCC_Support/ewl/lib/armv7e-m\librt.a(__arm_eabi_init.o)
                                0x1b5 (size before relaxing)
 .debug_str     0x00002c4b       0x12 C:/Freescale/CW MCU v10.6/MCU/ARM_GCC_Support/ewl/lib/armv7e-m\libc.a(errno.o)
                                0x12c (size before relaxing)

.comment        0x00000000       0x79
 .comment       0x00000000       0x79 ./Project_Settings/Startup_Code/kinetis_sysinit.o
                                 0x7a (size before relaxing)
 .comment       0x00000000       0x7a ./Project_Settings/Startup_Code/__arm_start.o
 .comment       0x00000000       0x7a ./Project_Settings/Startup_Code/__arm_end.o
 .comment       0x00000000       0x7a ./Sources/ff10b/src/ff.o
 .comment       0x00000000       0x7a ./Sources/ff10b/src/diskio.o
 .comment       0x00000000       0x7a ./Sources/processor_specific_functions/K40/sys/systick.o
 .comment       0x00000000       0x7a ./Sources/processor_specific_functions/K40/sys/arm_cm4.o
 .comment       0x00000000       0x7a ./Sources/processor_specific_functions/K40/misc.o
 .comment       0x00000000       0x7a ./Sources/processor_specific_functions/K40/i2c.o
 .comment       0x00000000       0x7a ./Sources/processor_specific_functions/K40/SPI.o
 .comment       0x00000000       0x7a ./Sources/processor_specific_functions/K40/PWM.o
 .comment       0x00000000       0x7a ./Sources/processor_specific_functions/K40/ADC.o
 .comment       0x00000000       0x7a ./Sources/main.o
 .comment       0x00000000       0x7a ./Sources/init.o
 .comment       0x00000000       0x7a ./Sources/SDcard.o
 .comment       0x00000000       0x7a ./Sources/Motor.o
 .comment       0x00000000       0x7a ./Sources/MPU6050.o
 .comment       0x00000000       0x7a ./Sources/Interrupts.o
 .comment       0x00000000       0x7a C:/Freescale/CW MCU v10.6/MCU/ARM_GCC_Support/ewl/lib/armv7e-m\libc.a(snprintf.o)
 .comment       0x00000000       0x7a C:/Freescale/CW MCU v10.6/MCU/ARM_GCC_Support/ewl/lib/armv7e-m\libc.a(sprintf.o)
 .comment       0x00000000       0x7a C:/Freescale/CW MCU v10.6/MCU/ARM_GCC_Support/ewl/lib/armv7e-m\libc.a(vsnprintf.o)
 .comment       0x00000000       0x7a C:/Freescale/CW MCU v10.6/MCU/ARM_GCC_Support/ewl/lib/armv7e-m\libc.a(exit.o)
 .comment       0x00000000       0x7a C:/Freescale/CW MCU v10.6/MCU/ARM_GCC_Support/ewl/lib/armv7e-m\libc.a(memcpy.o)
 .comment       0x00000000       0x7a C:/Freescale/CW MCU v10.6/MCU/ARM_GCC_Support/ewl/lib/armv7e-m\libc.a(memset.o)
 .comment       0x00000000       0x7a C:/Freescale/CW MCU v10.6/MCU/ARM_GCC_Support/ewl/lib/armv7e-m\libc.a(strlen.o)
 .comment       0x00000000       0x7a C:/Freescale/CW MCU v10.6/MCU/ARM_GCC_Support/ewl/lib/armv7e-m\libc.a(printformat_.o)
 .comment       0x00000000       0x7a C:/Freescale/CW MCU v10.6/MCU/ARM_GCC_Support/ewl/lib/armv7e-m\libc.a(scanformat_.o)
 .comment       0x00000000       0x7a C:/Freescale/CW MCU v10.6/MCU/ARM_GCC_Support/ewl/lib/armv7e-m\libc.a(ctype_aeabi.o)
 .comment       0x00000000       0x7a C:/Freescale/CW MCU v10.6/MCU/ARM_GCC_Support/ewl/lib/armv7e-m\libc.a(__strtoul.o)
 .comment       0x00000000       0x7a C:/Freescale/CW MCU v10.6/MCU/ARM_GCC_Support/ewl/lib/armv7e-m\libc.a(__filll_mem.o)
 .comment       0x00000000       0x7a C:/Freescale/CW MCU v10.6/MCU/ARM_GCC_Support/ewl/lib/armv7e-m\libc.a(memchr.o)
 .comment       0x00000000       0x7a C:/Freescale/CW MCU v10.6/MCU/ARM_GCC_Support/ewl/lib/armv7e-m\libc.a(strchr.o)
 .comment       0x00000000       0x7a C:/Freescale/CW MCU v10.6/MCU/ARM_GCC_Support/ewl/lib/armv7e-m\libm.a(s_atan.o)
 .comment       0x00000000       0x7a C:/Freescale/CW MCU v10.6/MCU/ARM_GCC_Support/ewl/lib/armv7e-m\libm.a(w_pow.o)
 .comment       0x00000000       0x7a C:/Freescale/CW MCU v10.6/MCU/ARM_GCC_Support/ewl/lib/armv7e-m\libm.a(w_sqrt.o)
 .comment       0x00000000       0x7a C:/Freescale/CW MCU v10.6/MCU/ARM_GCC_Support/ewl/lib/armv7e-m\libm.a(e_pow.o)
 .comment       0x00000000       0x7a C:/Freescale/CW MCU v10.6/MCU/ARM_GCC_Support/ewl/lib/armv7e-m\libm.a(e_sqrt.o)
 .comment       0x00000000       0x7a C:/Freescale/CW MCU v10.6/MCU/ARM_GCC_Support/ewl/lib/armv7e-m\libm.a(float.o)
 .comment       0x00000000       0x7a C:/Freescale/CW MCU v10.6/MCU/ARM_GCC_Support/ewl/lib/armv7e-m\libm.a(math_api.o)
 .comment       0x00000000       0x7a C:/Freescale/CW MCU v10.6/MCU/ARM_GCC_Support/ewl/lib/armv7e-m\libm.a(scalbn.o)
 .comment       0x00000000       0x7a C:/Freescale/CW MCU v10.6/MCU/ARM_GCC_Support/ewl/lib/armv7e-m\libm.a(s_frexp.o)
 .comment       0x00000000       0x7a C:/Freescale/CW MCU v10.6/MCU/ARM_GCC_Support/ewl/lib/armv7e-m\libm.a(s_ldexp.o)
 .comment       0x00000000       0x7a C:/Freescale/CW MCU v10.6/MCU/ARM_GCC_Support/ewl/lib/armv7e-m\librt.a(gcc_ctor_dtor.o)
 .comment       0x00000000       0x7a C:/Freescale/CW MCU v10.6/MCU/ARM_GCC_Support/ewl/lib/armv7e-m\librt.a(ROMCopy.o)
 .comment       0x00000000       0x7a C:/Freescale/CW MCU v10.6/MCU/ARM_GCC_Support/ewl/lib/armv7e-m\librt.a(__arm_eabi_init.o)
 .comment       0x00000000       0x7a C:/Freescale/CW MCU v10.6/MCU/ARM_GCC_Support/ewl/lib/armv7e-m\libc.a(errno.o)

.debug_frame    0x00000000     0x1adc
 .debug_frame   0x00000000       0x40 ./Project_Settings/Startup_Code/kinetis_sysinit.o
 .debug_frame   0x00000040       0x4c ./Project_Settings/Startup_Code/__arm_start.o
 .debug_frame   0x0000008c       0x2c ./Project_Settings/Startup_Code/__arm_end.o
 .debug_frame   0x000000b8      0x66c ./Sources/ff10b/src/ff.o
 .debug_frame   0x00000724      0x104 ./Sources/ff10b/src/diskio.o
 .debug_frame   0x00000828       0x8c ./Sources/processor_specific_functions/K40/sys/systick.o
 .debug_frame   0x000008b4       0xb0 ./Sources/processor_specific_functions/K40/sys/arm_cm4.o
 .debug_frame   0x00000964       0xf0 ./Sources/processor_specific_functions/K40/misc.o
 .debug_frame   0x00000a54       0xfc ./Sources/processor_specific_functions/K40/i2c.o
 .debug_frame   0x00000b50       0x44 ./Sources/processor_specific_functions/K40/SPI.o
 .debug_frame   0x00000b94       0x44 ./Sources/processor_specific_functions/K40/PWM.o
 .debug_frame   0x00000bd8       0xec ./Sources/processor_specific_functions/K40/ADC.o
 .debug_frame   0x00000cc4      0x124 ./Sources/main.o
 .debug_frame   0x00000de8       0x48 ./Sources/init.o
 .debug_frame   0x00000e30      0x214 ./Sources/SDcard.o
 .debug_frame   0x00001044       0x54 ./Sources/Motor.o
 .debug_frame   0x00001098      0x1ec ./Sources/MPU6050.o
 .debug_frame   0x00001284      0x150 ./Sources/Interrupts.o
 .debug_frame   0x000013d4       0x34 C:/Freescale/CW MCU v10.6/MCU/ARM_GCC_Support/ewl/lib/armv7e-m\libc.a(snprintf.o)
 .debug_frame   0x00001408       0x34 C:/Freescale/CW MCU v10.6/MCU/ARM_GCC_Support/ewl/lib/armv7e-m\libc.a(sprintf.o)
 .debug_frame   0x0000143c       0x4c C:/Freescale/CW MCU v10.6/MCU/ARM_GCC_Support/ewl/lib/armv7e-m\libc.a(vsnprintf.o)
 .debug_frame   0x00001488       0x28 C:/Freescale/CW MCU v10.6/MCU/ARM_GCC_Support/ewl/lib/armv7e-m\libc.a(exit.o)
 .debug_frame   0x000014b0       0x28 C:/Freescale/CW MCU v10.6/MCU/ARM_GCC_Support/ewl/lib/armv7e-m\libc.a(memcpy.o)
 .debug_frame   0x000014d8       0x28 C:/Freescale/CW MCU v10.6/MCU/ARM_GCC_Support/ewl/lib/armv7e-m\libc.a(memset.o)
 .debug_frame   0x00001500       0x20 C:/Freescale/CW MCU v10.6/MCU/ARM_GCC_Support/ewl/lib/armv7e-m\libc.a(strlen.o)
 .debug_frame   0x00001520       0x64 C:/Freescale/CW MCU v10.6/MCU/ARM_GCC_Support/ewl/lib/armv7e-m\libc.a(printformat_.o)
 .debug_frame   0x00001584       0x3c C:/Freescale/CW MCU v10.6/MCU/ARM_GCC_Support/ewl/lib/armv7e-m\libc.a(scanformat_.o)
 .debug_frame   0x000015c0       0xf0 C:/Freescale/CW MCU v10.6/MCU/ARM_GCC_Support/ewl/lib/armv7e-m\libc.a(ctype_aeabi.o)
 .debug_frame   0x000016b0       0x3c C:/Freescale/CW MCU v10.6/MCU/ARM_GCC_Support/ewl/lib/armv7e-m\libc.a(__strtoul.o)
 .debug_frame   0x000016ec       0x2c C:/Freescale/CW MCU v10.6/MCU/ARM_GCC_Support/ewl/lib/armv7e-m\libc.a(__filll_mem.o)
 .debug_frame   0x00001718       0x20 C:/Freescale/CW MCU v10.6/MCU/ARM_GCC_Support/ewl/lib/armv7e-m\libc.a(memchr.o)
 .debug_frame   0x00001738       0x20 C:/Freescale/CW MCU v10.6/MCU/ARM_GCC_Support/ewl/lib/armv7e-m\libc.a(strchr.o)
 .debug_frame   0x00001758       0x38 C:/Freescale/CW MCU v10.6/MCU/ARM_GCC_Support/ewl/lib/armv7e-m\libm.a(s_atan.o)
 .debug_frame   0x00001790       0x20 C:/Freescale/CW MCU v10.6/MCU/ARM_GCC_Support/ewl/lib/armv7e-m\libm.a(w_pow.o)
 .debug_frame   0x000017b0       0x20 C:/Freescale/CW MCU v10.6/MCU/ARM_GCC_Support/ewl/lib/armv7e-m\libm.a(w_sqrt.o)
 .debug_frame   0x000017d0       0x3c C:/Freescale/CW MCU v10.6/MCU/ARM_GCC_Support/ewl/lib/armv7e-m\libm.a(e_pow.o)
 .debug_frame   0x0000180c       0x38 C:/Freescale/CW MCU v10.6/MCU/ARM_GCC_Support/ewl/lib/armv7e-m\libm.a(e_sqrt.o)
 .debug_frame   0x00001844       0xd4 C:/Freescale/CW MCU v10.6/MCU/ARM_GCC_Support/ewl/lib/armv7e-m\libm.a(math_api.o)
 .debug_frame   0x00001918       0x2c C:/Freescale/CW MCU v10.6/MCU/ARM_GCC_Support/ewl/lib/armv7e-m\libm.a(scalbn.o)
 .debug_frame   0x00001944       0x30 C:/Freescale/CW MCU v10.6/MCU/ARM_GCC_Support/ewl/lib/armv7e-m\libm.a(s_frexp.o)
 .debug_frame   0x00001974       0x34 C:/Freescale/CW MCU v10.6/MCU/ARM_GCC_Support/ewl/lib/armv7e-m\libm.a(s_ldexp.o)
 .debug_frame   0x000019a8       0x40 C:/Freescale/CW MCU v10.6/MCU/ARM_GCC_Support/ewl/lib/armv7e-m\librt.a(gcc_ctor_dtor.o)
 .debug_frame   0x000019e8       0x48 C:/Freescale/CW MCU v10.6/MCU/ARM_GCC_Support/ewl/lib/armv7e-m\librt.a(ROMCopy.o)
 .debug_frame   0x00001a30       0xac C:/Freescale/CW MCU v10.6/MCU/ARM_GCC_Support/ewl/lib/armv7e-m\librt.a(__arm_eabi_init.o)
